Archive member included because of file (symbol)

common/libcommon.a(cmd_boot.o)
                              (__u_boot_cmd_reset)
common/libcommon.a(cmd_bootm.o)
                              (__u_boot_cmd_bootm)
common/libcommon.a(cmd_flash.o)
                              (__u_boot_cmd_erase)
common/libcommon.a(cmd_mem.o)
                              (__u_boot_cmd_cp)
common/libcommon.a(cmd_mii.o)
                              (__u_boot_cmd_progmac)
common/libcommon.a(cmd_net.o)
                              (__u_boot_cmd_tftpboot)
common/libcommon.a(cmd_nvedit.o)
                              common/libcommon.a(cmd_net.o) (setenv)
common/libcommon.a(command.o)
                              (__u_boot_cmd_question_mark)
common/libcommon.a(console.o)
                              common/libcommon.a(cmd_bootm.o) (printf)
common/libcommon.a(devices.o)
                              common/libcommon.a(console.o) (devlist)
common/libcommon.a(env_common.o)
                              common/libcommon.a(cmd_nvedit.o) (env_crc_update)
common/libcommon.a(env_nowhere.o)
                              common/libcommon.a(env_common.o) (env_relocate_spec)
common/libcommon.a(flash.o)   common/libcommon.a(cmd_mem.o) (addr2info)
common/libcommon.a(lists.o)   common/libcommon.a(devices.o) (ListCreate)
common/libcommon.a(main.o)    common/libcommon.a(cmd_mem.o) (console_buffer)
common/libcommon.a(dlmalloc.o)
                              common/libcommon.a(lists.o) (free)
board/ar7240/ap121/libap121.a(ap121.o)
                              common/libcommon.a(main.o) (ar7240_is_rst_button_pushed)
board/ar7240/ap121/libap121.a(ar7240_flash.o)
                              common/libcommon.a(cmd_flash.o) (flash_info)
board/ar7240/ap121/libap121.a(flash.o)
                              board/ar7240/ap121/libap121.a(ar7240_flash.o) (flash_get_geom)
cpu/mips/libmips.a(cpu.o)     common/libcommon.a(cmd_boot.o) (do_reset)
cpu/mips/libmips.a(interrupts.o)
                              common/libcommon.a(cmd_bootm.o) (disable_interrupts)
cpu/mips/libmips.a(cache.o)   cpu/mips/libmips.a(cpu.o) (dcache_flush_range)
cpu/mips/ar7240/libar7240.a(meminit.o)
                              board/ar7240/ap121/libap121.a(ap121.o) (ar7240_ddr_find_size)
cpu/mips/ar7240/libar7240.a(hornet_serial.o)
                              common/libcommon.a(console.o) (serial_tstc)
cpu/mips/ar7240/libar7240.a(hornet_ddr_init.o)
                              board/ar7240/ap121/libap121.a(ap121.o) (hornet_ddr_tap_init)
lib_mips/libmips.a(board.o)   common/libcommon.a(command.o) (version_string)
lib_mips/libmips.a(time.o)    common/libcommon.a(cmd_nvedit.o) (udelay)
lib_mips/libmips.a(mips_linux.o)
                              common/libcommon.a(cmd_bootm.o) (do_bootm_linux)
net/libnet.a(net.o)           common/libcommon.a(cmd_net.o) (NetOurIP)
net/libnet.a(tftp.o)          net/libnet.a(net.o) (TftpStart)
net/libnet.a(eth.o)           net/libnet.a(net.o) (eth_get_dev)
net/libnet.a(httpd.o)         net/libnet.a(net.o) (HttpdHandler)
net/libnet.a(httpd.o)         net/libnet.a(httpd.o) (httpd_init)
net/libnet.a(uip_arp.o)       net/libnet.a(httpd.o) (uip_arp_timer)
net/libnet.a(uip.o)           net/libnet.a(httpd.o) (uip_conn)
net/libnet.a(fs.o)            net/libnet.a(httpd.o) (fs_open)
net/libnet.a(uip_arch.o)      net/libnet.a(uip.o) (uip_add32)
rtc/librtc.a(date.o)          common/libcommon.a(cmd_bootm.o) (to_tm)
lib_generic/libgeneric.a(crc32.o)
                              common/libcommon.a(env_common.o) (crc32)
lib_generic/libgeneric.a(display_options.o)
                              common/libcommon.a(cmd_bootm.o) (print_size)
lib_generic/libgeneric.a(string.o)
                              common/libcommon.a(cmd_flash.o) (strchr)
lib_generic/libgeneric.a(vsprintf.o)
                              common/libcommon.a(cmd_bootm.o) (simple_strtoul)
lib_generic/libgeneric.a(LzmaWrapper.o)
                              common/libcommon.a(cmd_bootm.o) (lzma_inflate)
lib_generic/libgeneric.a(LzmaDecode.o)
                              lib_generic/libgeneric.a(LzmaWrapper.o) (LzmaDecodeProperties)
lib_generic/libgeneric.a(ctype.o)
                              lib_generic/libgeneric.a(string.o) (_ctype)
common/libcommon.a(exports.o)
                              lib_mips/libmips.a(board.o) (jumptable_init)
cpu/mips/ar7240/libar7240.a(ag7240.o)
                              net/libnet.a(eth.o) (ag7240_enet_initialize)
board/ar7240/ap121/libap121.a(ar7240_s26_phy.o)
                              cpu/mips/ar7240/libar7240.a(ag7240.o) (athrs26_phy_is_up)

Allocating common symbols
Common symbol       size              file

dp_last_size        0x4               common/libcommon.a(cmd_mem.o)
console_buffer      0x100             common/libcommon.a(main.o)
NetArpWaitTry       0x4               net/libnet.a(net.o)
NetArpWaitPacketMAC
                    0x4               net/libnet.a(net.o)
[...]
Memory Configuration

Name             Origin             Length             Attributes
*default*        0x0000000000000000 0xffffffffffffffff

Linker script and memory map

                0x0000000000000000                . = 0x0
                0x0000000000000000                . = ALIGN (0x4)

.text           0x0000000080010000    0x19b00
 *(.text)
 .text          0x0000000080010000     0x3350 cpu/mips/start.o
                0x0000000080010000                _start
                0x0000000080010030                relocate_code
                0x00000000800100ec                ar7240_ddr_tap_init
 .text          0x0000000080013350        0x0 common/libcommon.a(cmd_boot.o)
 .text          0x0000000080013350      0x6f0 common/libcommon.a(cmd_bootm.o)
                0x0000000080013350                fake_image_header
                0x0000000080013428                do_bootm
                0x00000000800135d4                print_image_hdr
 .text          0x0000000080013a40      0x730 common/libcommon.a(cmd_flash.o)
                0x0000000080013a40                flash_sect_erase
                0x0000000080013c70                do_flerase
 .text          0x0000000080014170      0xda0 common/libcommon.a(cmd_mem.o)
                0x0000000080014170                do_mem_mtest
                0x00000000800143b8                cmd_get_data_size
                0x0000000080014464                do_mem_cp
                0x0000000080014684                do_mem_mw
                0x0000000080014ab8                do_mem_nm
                0x0000000080014b24                do_mem_mm
                0x0000000080014b90                do_mem_md
 .text          0x0000000080014f10      0x170 common/libcommon.a(cmd_mii.o)
                0x0000000080014f10                do_mac
 .text          0x0000000080015080      0x4c0 common/libcommon.a(cmd_net.o)
                0x0000000080015080                do_httpd
                0x0000000080015098                do_tftpb
 .text          0x0000000080015540      0xfd0 common/libcommon.a(cmd_nvedit.o)
                0x0000000080015638                do_printenv
                0x00000000800159b8                _do_setenv
                0x00000000800161d4                do_setenv
                0x0000000080016240                setenv
                0x0000000080016298                getenv
                0x00000000800163a0                getenv_r
 .text          0x0000000080016510      0x440 common/libcommon.a(command.o)
                0x0000000080016510                do_version
                0x0000000080016554                find_cmd
                0x0000000080016678                do_help
 .text          0x0000000080016950      0x900 common/libcommon.a(console.o)
                0x0000000080016a28                serial_printf
                0x0000000080016a8c                fgetc
                0x0000000080016ac4                ftstc
                0x0000000080016afc                fputc
                0x0000000080016b3c                fputs
                0x0000000080016b78                fprintf
                0x0000000080016be4                getc
                0x0000000080016c14                tstc
                0x0000000080016c44                putc
                0x0000000080016c7c                puts
                0x0000000080016cb0                printf
                0x0000000080016d14                vprintf
                0x0000000080016d6c                ctrlc
                0x0000000080016df0                disable_ctrlc
                0x0000000080016e0c                had_ctrlc
                0x0000000080016e24                clear_ctrlc
                0x0000000080016e3c                dbg
                0x0000000080016e4c                console_assign
                0x0000000080016f84                console_init_f
                0x0000000080016f94                console_init_r
 .text          0x0000000080017250      0x1a0 common/libcommon.a(devices.o)
                0x0000000080017250                device_register
                0x0000000080017298                devices_init
                0x00000000800173ac                devices_done
 .text          0x00000000800173f0      0x200 common/libcommon.a(env_common.o)
                0x0000000080017420                env_get_char_memory
                0x0000000080017458                env_crc_update
                0x00000000800174ac                env_get_addr
                0x00000000800174dc                env_relocate
 .text          0x00000000800175f0       0x40 common/libcommon.a(env_nowhere.o)
                0x00000000800175f0                env_relocate_spec
                0x00000000800175f8                env_get_char_spec
                0x0000000080017608                env_init
 .text          0x0000000080017630      0x440 common/libcommon.a(flash.o)
                0x0000000080017630                flash_protect
                0x000000008001770c                addr2info
                0x0000000080017764                flash_write
                0x0000000080017954                flash_perror
 .text          0x0000000080017a70      0x690 common/libcommon.a(lists.o)
                0x0000000080017a70                NewHandle
                0x0000000080017b24                DisposeHandle
                0x0000000080017b84                GetHandleSize
                0x0000000080017b8c                SetHandleSize
                0x0000000080017c74                ListCreate
                0x0000000080017cfc                ListSetAllocationPolicy
                0x0000000080017d10                ListDispose
                0x0000000080017d28                ListInsertItems
                0x0000000080017fdc                ListInsertItem
                0x0000000080017ff4                ListGetItems
                0x000000008001807c                ListGetPtrToItem
                0x00000000800180d4                ListGetDataPtr
                0x00000000800180e0                ListGetItemSize
                0x00000000800180ec                ListNumItems
 .text          0x0000000080018100     0x1120 common/libcommon.a(main.o)
                0x0000000080018270                readline
                0x00000000800185cc                run_command
                0x0000000080018c74                main_loop
 .text          0x0000000080019220     0x1720 common/libcommon.a(dlmalloc.o)
                0x0000000080019220                malloc_bin_reloc
                0x0000000080019264                malloc_trim
                0x0000000080019388                free
                0x0000000080019638                cfree
                0x0000000080019650                malloc
                0x0000000080019e24                calloc
                0x0000000080019f8c                memalign
                0x000000008001a150                pvalloc
                0x000000008001a174                valloc
                0x000000008001a190                realloc
                0x000000008001a850                malloc_usable_size
                0x000000008001a8ac                mallopt
 .text          0x000000008001a940      0x280 board/ar7240/ap121/libap121.a(ap121.o)
                0x000000008001a940                ar7240_usb_initial_config
                0x000000008001a964                ar7240_usb_otp_config
                0x000000008001a9ec                ar7240_all_led_on
                0x000000008001aa0c                ar7240_all_led_off
                0x000000008001aa34                ar7240_is_rst_button_pushed
                0x000000008001aa48                ar7240_gpio_config
                0x000000008001aad0                ar7240_gpio_sw_led
                0x000000008001aaec                ar7240_mem_config
                0x000000008001ab70                initdram
                0x000000008001ab88                checkboard
 .text          0x000000008001abc0      0x6b0 board/ar7240/ap121/libap121.a(ar7240_flash.o)
                0x000000008001acb0                flash_init
                0x000000008001adcc                flash_print_info
                0x000000008001ade8                flash_erase
                0x000000008001b008                write_buff
 .text          0x000000008001b270       0xa0 board/ar7240/ap121/libap121.a(flash.o)
                0x000000008001b270                flash_get_geom
 .text          0x000000008001b310       0x90 cpu/mips/libmips.a(cpu.o)
                0x000000008001b310                do_reset
                0x000000008001b334                flush_cache
                0x000000008001b35c                write_one_tlb
 .text          0x000000008001b3a0       0x10 cpu/mips/libmips.a(interrupts.o)
                0x000000008001b3a0                enable_interrupts
                0x000000008001b3a8                disable_interrupts
 .text          0x000000008001b3b0      0x360 cpu/mips/libmips.a(cache.o)
                0x000000008001b3b0                simple_mips_cache_reset
                0x000000008001b3f8                mips_cache_reset
                0x000000008001b590                dcache_status
                0x000000008001b5a0                dcache_disable
                0x000000008001b5bc                mips_cache_lock
                0x000000008001b618                dcache_flush_range
                0x000000008001b640                mips_cache_flush
                0x000000008001b694                mips_icache_flush_ix
                0x000000008001b6c4                mips_cache_lock_24k
 .text          0x000000008001b710      0x300 cpu/mips/ar7240/libar7240.a(meminit.o)
                0x000000008001b710                ar7240_ddr_tap_set
                0x000000008001b730                ar7240_ddr_find_size
                0x000000008001b780                ar7240_ddr_initial_config
 .text          0x000000008001ba10      0x360 cpu/mips/ar7240/libar7240.a(hornet_serial.o)
                0x000000008001ba10                ar7240_sys_frequency
                0x000000008001bb8c                serial_init
                0x000000008001bc60                serial_tstc
                0x000000008001bc74                serial_getc
                0x000000008001bc9c                serial_putc
                0x000000008001bd08                serial_setbrg
                0x000000008001bd10                serial_puts
 .text          0x000000008001bd70      0x550 cpu/mips/ar7240/libar7240.a(hornet_ddr_init.o)
                0x000000008001bd70                hornet_ddr_init
                0x000000008001be60                hornet_ddr_tap_init
 .text          0x000000008001c2c0      0x660 lib_mips/libmips.a(board.o)
                0x000000008001c39c                sbrk
                0x000000008001c3f0                board_init_r
                0x000000008001c734                hang
                0x000000008001c76c                board_init_f
 .text          0x000000008001c920       0xc0 lib_mips/libmips.a(time.o)
                0x000000008001c920                timer_init
                0x000000008001c934                reset_timer
                0x000000008001c944                get_timer
                0x000000008001c950                set_timer
                0x000000008001c95c                udelay
                0x000000008001c9c4                get_ticks
                0x000000008001c9d0                get_tbclk
 .text          0x000000008001c9e0      0x910 lib_mips/libmips.a(mips_linux.o)
                0x000000008001cb10                do_bootm_linux
 .text          0x000000008001d2f0     0x2050 net/libnet.a(net.o)
                0x000000008001d314                NetSetHandler
                0x000000008001d32c                NetSetTimeout
                0x000000008001d3a0                NetStartAgain
                0x000000008001d548                NetSendPacket
                0x000000008001d560                NetCksum
                0x000000008001d5a8                NetCksumOk
                0x000000008001d5e8                NetEthHdrSize
                0x000000008001d624                NetSetEther
                0x000000008001d710                ArpRequest
                0x000000008001d894                ArpTimeoutCheck
                0x000000008001d95c                NetSetIP
                0x000000008001da90                NetSendUDPPacket
                0x000000008001dcb4                copy_filename
                0x000000008001dd2c                ip_to_string
                0x000000008001dd90                string_to_ip
                0x000000008001de38                VLAN_to_string
                0x000000008001de94                string_to_VLAN
                0x000000008001df00                print_IPaddr
                0x000000008001df4c                getenv_IPaddr
                0x000000008001df88                getenv_VLAN
                0x000000008001dfc4                NetLoop
                0x000000008001e698                NetSendHttpd
                0x000000008001e734                NetReceiveHttpd
                0x000000008001e840                NetReceive
                0x000000008001ee44                NetLoopHttpd
 .text          0x000000008001f340      0x980 net/libnet.a(tftp.o)
                0x000000008001f970                TftpStart
 .text          0x000000008001fcc0      0x950 net/libnet.a(eth.o)
                0x000000008001fcc0                eth_get_dev
                0x000000008001fcd8                eth_get_dev_by_name
                0x000000008001fd48                eth_get_dev_index
                0x000000008001fdac                eth_register
                0x000000008001fea4                eth_initialize
                0x000000008002018c                eth_set_enetaddr
                0x000000008002027c                eth_halt
                0x00000000800202d4                eth_send
                0x0000000080020308                eth_rx
                0x0000000080020338                eth_try_another
                0x000000008002044c                eth_init
                0x0000000080020504                eth_set_current
                0x00000000800205d4                eth_get_name
 .text          0x0000000080020610      0x5b0 net/libnet.a(httpd.o)
                0x0000000080020610                HttpdHandler
                0x000000008002072c                HttpdStart
                0x0000000080020764                do_http_upgrade
                0x00000000800209a4                do_http_progress
                0x0000000080020b64                do_http_tmp_address
 .text          0x0000000080020bc0      0x890 net/libnet.a(httpd.o)
                0x0000000080020bc0                httpd_init
                0x0000000080020bfc                httpd_appcall
 .text          0x0000000080021450      0x8f0 net/libnet.a(uip_arp.o)
                0x0000000080021660                uip_arp_init
                0x00000000800216e8                uip_arp_timer
                0x00000000800217d0                uip_arp_ipin
                0x0000000080021868                uip_arp_arpin
                0x0000000080021a6c                uip_arp_out
 .text          0x0000000080021d40     0x1630 net/libnet.a(uip.o)
                0x0000000080021d40                uip_init
                0x0000000080021dac                uip_connect
                0x0000000080021f48                uip_unlisten
                0x0000000080021fd4                uip_listen
                0x0000000080022060                uip_process
 .text          0x0000000080023370      0x1b0 net/libnet.a(fs.o)
                0x0000000080023370                fs_open
                0x000000008002343c                fs_init
                0x0000000080023468                fs_count
 .text          0x0000000080023520      0x370 net/libnet.a(uip_arch.o)
                0x0000000080023520                uip_add32
                0x0000000080023628                uip_chksum
                0x00000000800236d4                uip_ipchksum
                0x00000000800236f4                uip_tcpchksum
 .text          0x0000000080023890      0x380 rtc/librtc.a(date.o)
                0x0000000080023890                GregorianDay
                0x00000000800239d0                to_tm
                0x0000000080023b40                mktime
 .text          0x0000000080023c10      0x190 lib_generic/libgeneric.a(crc32.o)
                0x0000000080023c10                crc32
 .text          0x0000000080023da0      0x140 lib_generic/libgeneric.a(display_options.o)
                0x0000000080023da0                display_options
                0x0000000080023de4                print_size
 .text          0x0000000080023ee0      0x7d0 lib_generic/libgeneric.a(string.o)
                0x0000000080023ee0                strnicmp
                0x0000000080023f78                strcat
                0x0000000080023fc0                strncat
                0x0000000080024030                strchr
                0x0000000080024080                strlen
                0x00000000800240b4                strrchr
                0x0000000080024124                strnlen
                0x000000008002416c                strdup
                0x00000000800241e8                strspn
                0x0000000080024250                strpbrk
                0x00000000800242b4                strtok
                0x00000000800243a0                strsep
                0x000000008002440c                strswab
                0x0000000080024468                memset
                0x0000000080024494                memcpy
                0x00000000800244c0                memmove
                0x000000008002452c                memcmp
                0x000000008002458c                strstr
                0x0000000080024670                memchr
 .text          0x00000000800246b0      0xa80 lib_generic/libgeneric.a(vsprintf.o)
                0x0000000080024960                simple_strtoul
                0x0000000080024a74                simple_strtol
                0x0000000080024ac8                vsprintf
                0x0000000080025054                sprintf
                0x0000000080025098                panic
 .text          0x0000000080025130      0x3a0 lib_generic/libgeneric.a(LzmaWrapper.o)
                0x0000000080025130                lzma_inflate
 .text          0x00000000800254d0      0xef0 lib_generic/libgeneric.a(LzmaDecode.o)
                0x00000000800254d0                LzmaDecodeProperties
                0x00000000800255d0                LzmaDecode
 .text          0x00000000800263c0        0x0 lib_generic/libgeneric.a(ctype.o)
 .text          0x00000000800263c0       0xc0 common/libcommon.a(exports.o)
                0x00000000800263c8                get_version
                0x00000000800263d0                jumptable_init
 .text          0x0000000080026480     0x20f0 cpu/mips/ar7240/libar7240.a(ag7240.o)
                0x0000000080026f5c                ag7240_mii_setup
                0x0000000080027444                ag7240_mac_addr_loc
                0x000000008002744c                ag7240_enet_initialize
                0x0000000080028104                ag7240_miiphy_read
                0x0000000080028370                ag7240_miiphy_write
 .text          0x0000000080028570     0x1590 board/ar7240/ap121/libap121.a(ar7240_s26_phy.o)
                0x0000000080028570                athrs26_reg_read
                0x00000000800287a4                athrs26_reg_write
                0x0000000080028b24                s26_rd_phy
                0x0000000080028c20                athrs26_phy_is_up
                0x0000000080028db4                athrs26_phy_is_link_alive
                0x0000000080028e10                athrs26_phy_is_fdx
                0x0000000080028f3c                s26_wr_phy
                0x0000000080028ffc                athrs26_phy_speed
                0x0000000080029210                athrs26_phy_setup
                0x00000000800295bc                athrs26_reg_init_lan
                0x0000000080029918                athrs26_reg_init
                0x00000000800299c8                athrs26_sleep_off
                0x0000000080029a20                athrs26_powersave_off
                0x0000000080029a78                athrs26_mdc_check

.text.unlikely  0x0000000080029b00       0x74
 .text.unlikely
                0x0000000080029b00       0x74 net/libnet.a(uip.o)
                0x0000000080029b74                . = ALIGN (0x4)

.rodata         0x0000000080029b80      0xdc0
 *(.rodata)
 .rodata        0x0000000080029b80       0xb0 common/libcommon.a(cmd_bootm.o)
 .rodata        0x0000000080029c30       0x60 common/libcommon.a(cmd_mem.o)
 .rodata        0x0000000080029c90       0x30 lib_mips/libmips.a(board.o)
                0x0000000080029c90                version_string
 .rodata        0x0000000080029cc0       0x30 net/libnet.a(net.o)
 .rodata        0x0000000080029cf0       0x20 net/libnet.a(tftp.o)
 .rodata        0x0000000080029d10       0x50 net/libnet.a(uip.o)
 .rodata        0x0000000080029d60      0x5c0 net/libnet.a(fs.o)
 .rodata        0x000000008002a320       0x30 rtc/librtc.a(date.o)
 .rodata        0x000000008002a350      0x400 lib_generic/libgeneric.a(crc32.o)
 .rodata        0x000000008002a750      0x1a0 lib_generic/libgeneric.a(vsprintf.o)
 .rodata        0x000000008002a8f0       0x50 cpu/mips/ar7240/libar7240.a(ag7240.o)

.reginfo        0x000000008002a940       0x18
 .reginfo       0x000000008002a940       0x18 cpu/mips/start.o

.rodata.str1.4  0x000000008002a958     0x2398
 .rodata.str1.4
                0x000000008002a958       0x2c common/libcommon.a(cmd_boot.o)
 .rodata.str1.4
                0x000000008002a984      0x40c common/libcommon.a(cmd_bootm.o)
                                        0x410 (size before relaxing)
 .rodata.str1.4
                0x000000008002ad90      0x34a common/libcommon.a(cmd_flash.o)
                                        0x34c (size before relaxing)
 *fill*         0x000000008002b0da        0x2 00
 .rodata.str1.4
                0x000000008002b0dc      0x31e common/libcommon.a(cmd_mem.o)
                                        0x330 (size before relaxing)
 *fill*         0x000000008002b3fa        0x2 00
 .rodata.str1.4
                0x000000008002b3fc       0xda common/libcommon.a(cmd_mii.o)
                                         0xdc (size before relaxing)
 *fill*         0x000000008002b4d6        0x2 00
 .rodata.str1.4
                0x000000008002b4d8      0x121 common/libcommon.a(cmd_net.o)
                                        0x134 (size before relaxing)
 *fill*         0x000000008002b5f9        0x3 00
 .rodata.str1.4
                0x000000008002b5fc      0x295 common/libcommon.a(cmd_nvedit.o)
                                        0x2c0 (size before relaxing)
 *fill*         0x000000008002b891        0x3 00
 .rodata.str1.4
                0x000000008002b894      0x219 common/libcommon.a(command.o)
                                        0x21c (size before relaxing)
 *fill*         0x000000008002baad        0x3 00
 .rodata.str1.4
                0x000000008002bab0       0x75 common/libcommon.a(console.o)
                                         0x7c (size before relaxing)
 *fill*         0x000000008002bb25        0x3 00
 .rodata.str1.4
                0x000000008002bb28       0x2f common/libcommon.a(devices.o)
                                         0x48 (size before relaxing)
 *fill*         0x000000008002bb57        0x1 00
 .rodata.str1.4
                0x000000008002bb58       0x1c common/libcommon.a(env_common.o)
 .rodata.str1.4
                0x000000008002bb74      0x120 common/libcommon.a(flash.o)
 .rodata.str1.4
                0x000000008002bc94      0x275 common/libcommon.a(main.o)
                                        0x288 (size before relaxing)
 *fill*         0x000000008002bf09        0x3 00
 .rodata.str1.4
                0x000000008002bf0c       0x16 board/ar7240/ap121/libap121.a(ap121.o)
                                         0x18 (size before relaxing)
 *fill*         0x000000008002bf22        0x2 00
 .rodata.str1.4
                0x000000008002bf24       0x74 board/ar7240/ap121/libap121.a(ar7240_flash.o)
                                         0x78 (size before relaxing)
 .rodata.str1.4
                0x000000008002bf98       0x22 board/ar7240/ap121/libap121.a(flash.o)
                                         0x24 (size before relaxing)
 *fill*         0x000000008002bfba        0x2 00
 .rodata.str1.4
                0x000000008002bfbc       0x70 lib_mips/libmips.a(board.o)
                                         0xa8 (size before relaxing)
 .rodata.str1.4
                0x000000008002c02c      0x147 lib_mips/libmips.a(mips_linux.o)
                                        0x14c (size before relaxing)
 *fill*         0x000000008002c173        0x1 00
 .rodata.str1.4
                0x000000008002c174      0x22f net/libnet.a(net.o)
                                        0x250 (size before relaxing)
 *fill*         0x000000008002c3a3        0x1 00
 .rodata.str1.4
                0x000000008002c3a4      0x1e0 net/libnet.a(tftp.o)
                                        0x1e8 (size before relaxing)
 .rodata.str1.4
                0x000000008002c584       0x44 net/libnet.a(eth.o)
                                         0x58 (size before relaxing)
 .rodata.str1.4
                0x000000008002c5c8      0x184 net/libnet.a(httpd.o)
 .rodata.str1.4
                0x000000008002c74c       0xcd net/libnet.a(httpd.o)
                                         0xd8 (size before relaxing)
 *fill*         0x000000008002c819        0x3 00
 .rodata.str1.4
                0x000000008002c81c       0x3f net/libnet.a(fs.o)
                                         0x40 (size before relaxing)
 *fill*         0x000000008002c85b        0x1 00
 .rodata.str1.4
                0x000000008002c85c       0x17 lib_generic/libgeneric.a(display_options.o)
                                         0x20 (size before relaxing)
 *fill*         0x000000008002c873        0x1 00
 .rodata.str1.4
                0x000000008002c874       0x57 lib_generic/libgeneric.a(vsprintf.o)
                                         0x58 (size before relaxing)
 *fill*         0x000000008002c8cb        0x1 00
 .rodata.str1.4
                0x000000008002c8cc       0x9a lib_generic/libgeneric.a(LzmaWrapper.o)
                                         0xa0 (size before relaxing)
 *fill*         0x000000008002c966        0x2 00
 .rodata.str1.4
                0x000000008002c968       0x2f lib_generic/libgeneric.a(LzmaDecode.o)
                                         0x30 (size before relaxing)
 *fill*         0x000000008002c997        0x1 00
 .rodata.str1.4
                0x000000008002c998      0x300 cpu/mips/ar7240/libar7240.a(ag7240.o)
                                        0x30c (size before relaxing)
 .rodata.str1.4
                0x000000008002cc98       0x58 board/ar7240/ap121/libap121.a(ar7240_s26_phy.o)
                                         0x68 (size before relaxing)

.rel.dyn        0x000000008002ccf0        0x0
 .rel.dyn       0x0000000000000000        0x0 cpu/mips/start.o
                0x000000008002ccf0                . = ALIGN (0x4)

.data           0x000000008002ccf0      0x3b0
 *(.data)
 .data          0x000000008002ccf0        0x0 cpu/mips/start.o
 .data          0x000000008002ccf0        0x0 common/libcommon.a(cmd_boot.o)
 .data          0x000000008002ccf0       0x20 common/libcommon.a(cmd_bootm.o)
                0x000000008002ccf0                linuxFlash
                0x000000008002cd0c                load_addr
 .data          0x000000008002cd10        0x0 common/libcommon.a(cmd_flash.o)
 .data          0x000000008002cd10       0x10 common/libcommon.a(cmd_mem.o)
                0x000000008002cd10                dp_last_length
 .data          0x000000008002cd20        0x0 common/libcommon.a(cmd_mii.o)
 .data          0x000000008002cd20        0x0 common/libcommon.a(cmd_net.o)
 .data          0x000000008002cd20        0x0 common/libcommon.a(cmd_nvedit.o)
 .data          0x000000008002cd20        0x0 common/libcommon.a(command.o)
 .data          0x000000008002cd20        0x0 common/libcommon.a(console.o)
 .data          0x000000008002cd20        0x0 common/libcommon.a(devices.o)
 .data          0x000000008002cd20      0x150 common/libcommon.a(env_common.o)
                0x000000008002cd20                default_environment
 .data          0x000000008002ce70        0x0 common/libcommon.a(env_nowhere.o)
 .data          0x000000008002ce70        0x0 common/libcommon.a(flash.o)
 .data          0x000000008002ce70        0x0 common/libcommon.a(lists.o)
 .data          0x000000008002ce70       0x10 common/libcommon.a(main.o)
 .data          0x000000008002ce80       0x10 common/libcommon.a(dlmalloc.o)
 .data          0x000000008002ce90        0x0 board/ar7240/ap121/libap121.a(ap121.o)
 .data          0x000000008002ce90        0x0 board/ar7240/ap121/libap121.a(ar7240_flash.o)
 .data          0x000000008002ce90        0x0 board/ar7240/ap121/libap121.a(flash.o)
 .data          0x000000008002ce90        0x0 cpu/mips/libmips.a(cpu.o)
 .data          0x000000008002ce90        0x0 cpu/mips/libmips.a(interrupts.o)
 .data          0x000000008002ce90        0x0 cpu/mips/libmips.a(cache.o)
 .data          0x000000008002ce90       0x20 cpu/mips/ar7240/libar7240.a(meminit.o)
                0x000000008002ce90                tap_pattern
                0x000000008002ce98                tap_settings
 .data          0x000000008002ceb0        0x0 cpu/mips/ar7240/libar7240.a(hornet_serial.o)
 .data          0x000000008002ceb0        0x0 cpu/mips/ar7240/libar7240.a(hornet_ddr_init.o)
 .data          0x000000008002ceb0        0x0 lib_mips/libmips.a(board.o)
 .data          0x000000008002ceb0        0x0 lib_mips/libmips.a(time.o)
 .data          0x000000008002ceb0        0x0 lib_mips/libmips.a(mips_linux.o)
 .data          0x000000008002ceb0       0x10 net/libnet.a(net.o)
                0x000000008002ceb0                NetOurNativeVLAN
                0x000000008002ceb2                NetOurVLAN
                0x000000008002ceb4                NetBcastAddr
 .data          0x000000008002cec0        0x0 net/libnet.a(tftp.o)
 .data          0x000000008002cec0        0x0 net/libnet.a(eth.o)
 .data          0x000000008002cec0        0x0 net/libnet.a(httpd.o)
 .data          0x000000008002cec0       0x10 net/libnet.a(httpd.o)
 .data          0x000000008002ced0       0x10 net/libnet.a(uip_arp.o)
                0x000000008002ced0                uip_ethaddr
 .data          0x000000008002cee0        0x0 net/libnet.a(uip.o)
 .data          0x000000008002cee0        0x0 net/libnet.a(fs.o)
 .data          0x000000008002cee0        0x0 net/libnet.a(uip_arch.o)
 .data          0x000000008002cee0       0x30 rtc/librtc.a(date.o)
 .data          0x000000008002cf10        0x0 lib_generic/libgeneric.a(crc32.o)
 .data          0x000000008002cf10        0x0 lib_generic/libgeneric.a(display_options.o)
 .data          0x000000008002cf10        0x0 lib_generic/libgeneric.a(string.o)
 .data          0x000000008002cf10        0x0 lib_generic/libgeneric.a(vsprintf.o)
 .data          0x000000008002cf10        0x0 lib_generic/libgeneric.a(LzmaWrapper.o)
 .data          0x000000008002cf10        0x0 lib_generic/libgeneric.a(LzmaDecode.o)
 .data          0x000000008002cf10      0x100 lib_generic/libgeneric.a(ctype.o)
                0x000000008002cf10                _ctype
 .data          0x000000008002d010        0x0 common/libcommon.a(exports.o)
 .data          0x000000008002d010        0x0 cpu/mips/ar7240/libar7240.a(ag7240.o)
 .data          0x000000008002d010       0x90 board/ar7240/ap121/libap121.a(ar7240_s26_phy.o)

.got.plt        0x000000008002d0a0        0x0
 .got.plt       0x0000000000000000        0x0 cpu/mips/start.o

.data.rel.local
                0x000000008002d0a0      0x418
 .data.rel.local
                0x000000008002d0a0        0xc common/libcommon.a(devices.o)
                0x000000008002d0a0                stdio_names
 .data.rel.local
                0x000000008002d0ac        0x4 common/libcommon.a(env_common.o)
                0x000000008002d0ac                env_get_char
 .data.rel.local
                0x000000008002d0b0      0x408 common/libcommon.a(dlmalloc.o)

.data.rel       0x000000008002d4b8       0x14
 .data.rel      0x000000008002d4b8       0x14 lib_mips/libmips.a(board.o)
                0x000000008002d4b8                init_sequence

.data.rel.ro    0x000000008002d4cc       0x50
 .data.rel.ro   0x000000008002d4cc       0x50 net/libnet.a(fs.o)
                0x000000008002d4cc                file_flash_html
                0x000000008002d4e0                file_index_html
                0x000000008002d4f4                file_404_html
                0x000000008002d508                file_fail_html

.data.rel.ro.local
                0x000000008002d51c       0x14
 .data.rel.ro.local
                0x000000008002d51c       0x14 net/libnet.a(fs.o)
                0x000000008002d51c                file_flashing_html
                0x000000008002d530                . = ALIGN (0x4)

.sdata
 *(.sdata)
 *(.sdata)
                0x000000008002d530                _gp = ALIGN (0x10)
                0x000000008002d530                __got_start = .

.got            0x000000008002d530      0x450
 *(.got)
 .got           0x000000008002d530      0x450 cpu/mips/start.o
                0x000000008002d530                _GLOBAL_OFFSET_TABLE_
                0x000000008002d980                __got_end = .
                0x000000008002d980                __u_boot_cmd_start = .

.u_boot_cmd     0x000000008002d980      0x198
 *(.u_boot_cmd)
 .u_boot_cmd    0x000000008002d980       0x18 common/libcommon.a(cmd_boot.o)
                0x000000008002d980                __u_boot_cmd_reset
 .u_boot_cmd    0x000000008002d998       0x18 common/libcommon.a(cmd_bootm.o)
                0x000000008002d998                __u_boot_cmd_bootm
 .u_boot_cmd    0x000000008002d9b0       0x18 common/libcommon.a(cmd_flash.o)
                0x000000008002d9b0                __u_boot_cmd_erase
 .u_boot_cmd    0x000000008002d9c8       0x90 common/libcommon.a(cmd_mem.o)
                0x000000008002d9c8                __u_boot_cmd_cp
                0x000000008002d9e0                __u_boot_cmd_mtest
                0x000000008002d9f8                __u_boot_cmd_mw
                0x000000008002da10                __u_boot_cmd_nm
                0x000000008002da28                __u_boot_cmd_mm
                0x000000008002da40                __u_boot_cmd_md
 .u_boot_cmd    0x000000008002da58       0x18 common/libcommon.a(cmd_mii.o)
                0x000000008002da58                __u_boot_cmd_progmac
 .u_boot_cmd    0x000000008002da70       0x30 common/libcommon.a(cmd_net.o)
                0x000000008002da70                __u_boot_cmd_tftpboot
                0x000000008002da88                __u_boot_cmd_httpd
 .u_boot_cmd    0x000000008002daa0       0x30 common/libcommon.a(cmd_nvedit.o)
                0x000000008002daa0                __u_boot_cmd_setenv
                0x000000008002dab8                __u_boot_cmd_printenv
 .u_boot_cmd    0x000000008002dad0       0x48 common/libcommon.a(command.o)
                0x000000008002dad0                __u_boot_cmd_question_mark
                0x000000008002dae8                __u_boot_cmd_help
                0x000000008002db00                __u_boot_cmd_version
                0x000000008002db18                __u_boot_cmd_end = .
                0x000000008002db18                uboot_end_data = .
                0x0000000000000114                num_got_entries = ((__got_end - __got_start) >> 0x2)
                0x000000008002db18                . = ALIGN (0x4)

.sbss
 *(.sbss)

.bss            0x000000008002db20     0x7ff4
 *(.bss)
 .bss           0x000000008002db20        0x0 cpu/mips/start.o
 .bss           0x000000008002db20        0x0 common/libcommon.a(cmd_boot.o)
 .bss           0x000000008002db20        0x0 common/libcommon.a(cmd_bootm.o)
 .bss           0x000000008002db20        0x0 common/libcommon.a(cmd_flash.o)
 .bss           0x000000008002db20        0x0 common/libcommon.a(cmd_mem.o)
 .bss           0x000000008002db20        0x0 common/libcommon.a(cmd_mii.o)
 .bss           0x000000008002db20        0x0 common/libcommon.a(cmd_net.o)
 .bss           0x000000008002db20        0x0 common/libcommon.a(cmd_nvedit.o)
 .bss           0x000000008002db20        0x0 common/libcommon.a(command.o)
 .bss           0x000000008002db20       0x10 common/libcommon.a(console.o)
 .bss           0x000000008002db30       0x10 common/libcommon.a(devices.o)
                0x000000008002db30                stdio_devices
                0x000000008002db3c                devlist
 .bss           0x000000008002db40        0x0 common/libcommon.a(env_common.o)
 .bss           0x000000008002db40       0x10 common/libcommon.a(env_nowhere.o)
                0x000000008002db40                env_ptr
 .bss           0x000000008002db50        0x0 common/libcommon.a(flash.o)
 .bss           0x000000008002db50        0x0 common/libcommon.a(lists.o)
 .bss           0x000000008002db50      0x100 common/libcommon.a(main.o)
 .bss           0x000000008002dc50       0x40 common/libcommon.a(dlmalloc.o)
 .bss           0x000000008002dc90        0x0 board/ar7240/ap121/libap121.a(ap121.o)
 .bss           0x000000008002dc90        0x0 board/ar7240/ap121/libap121.a(ar7240_flash.o)
 .bss           0x000000008002dc90        0x0 board/ar7240/ap121/libap121.a(flash.o)
 .bss           0x000000008002dc90        0x0 cpu/mips/libmips.a(cpu.o)
 .bss           0x000000008002dc90        0x0 cpu/mips/libmips.a(interrupts.o)
 .bss           0x000000008002dc90        0x0 cpu/mips/libmips.a(cache.o)
 .bss           0x000000008002dc90        0x0 cpu/mips/ar7240/libar7240.a(meminit.o)
 .bss           0x000000008002dc90        0x0 cpu/mips/ar7240/libar7240.a(hornet_serial.o)
 .bss           0x000000008002dc90        0x0 cpu/mips/ar7240/libar7240.a(hornet_ddr_init.o)
 .bss           0x000000008002dc90       0x10 lib_mips/libmips.a(board.o)
 .bss           0x000000008002dca0        0x0 lib_mips/libmips.a(time.o)
 .bss           0x000000008002dca0       0x20 lib_mips/libmips.a(mips_linux.o)
 .bss           0x000000008002dcc0       0xd0 net/libnet.a(net.o)
                0x000000008002dcc0                NetTxPacket
                0x000000008002dcc4                NetRestartWrap
                0x000000008002dcc8                NetEtherNullAddr
                0x000000008002dcd0                NetServerEther
                0x000000008002dcd6                NetBootFileSize
                0x000000008002dcd8                NetOurRootPath
                0x000000008002dd18                NetOurHostName
                0x000000008002dd38                NetOurNISDomain
                0x000000008002dd58                NetOurDNSIP
                0x000000008002dd5c                NetOurGatewayIP
                0x000000008002dd60                NetOurSubnetMask
                0x000000008002dd64                httpd_upload_data
                0x000000008002dd68                httpd_upload_complete
 .bss           0x000000008002dd90       0x40 net/libnet.a(tftp.o)
 .bss           0x000000008002ddd0       0x10 net/libnet.a(eth.o)
 .bss           0x000000008002dde0       0x10 net/libnet.a(httpd.o)
 .bss           0x000000008002ddf0       0x90 net/libnet.a(httpd.o)
                0x000000008002ddf0                upload_running
 .bss           0x000000008002de80       0x70 net/libnet.a(uip_arp.o)
 .bss           0x000000008002def0       0x10 net/libnet.a(uip.o)
 .bss           0x000000008002df00       0x10 net/libnet.a(fs.o)
 .bss           0x000000008002df10        0x0 net/libnet.a(uip_arch.o)
 .bss           0x000000008002df10        0x0 rtc/librtc.a(date.o)
 .bss           0x000000008002df10        0x0 lib_generic/libgeneric.a(crc32.o)
 .bss           0x000000008002df10        0x0 lib_generic/libgeneric.a(display_options.o)
 .bss           0x000000008002df10        0x0 lib_generic/libgeneric.a(string.o)
 .bss           0x000000008002df10        0x0 lib_generic/libgeneric.a(vsprintf.o)
 .bss           0x000000008002df10       0x10 lib_generic/libgeneric.a(LzmaWrapper.o)
 .bss           0x000000008002df20        0x0 lib_generic/libgeneric.a(LzmaDecode.o)
 .bss           0x000000008002df20        0x0 lib_generic/libgeneric.a(ctype.o)
 .bss           0x000000008002df20        0x0 common/libcommon.a(exports.o)
 .bss           0x000000008002df20        0x0 cpu/mips/ar7240/libar7240.a(ag7240.o)
 .bss           0x000000008002df20       0x10 board/ar7240/ap121/libap121.a(ar7240_s26_phy.o)
 COMMON         0x000000008002df30       0x40 common/libcommon.a(cmd_bootm.o)
                0x000000008002df30                header
 COMMON         0x000000008002df70       0x10 common/libcommon.a(cmd_mem.o)
                0x000000008002df70                dp_last_size
                0x000000008002df74                dp_last_addr
                0x000000008002df78                mm_last_size
                0x000000008002df7c                mm_last_addr
 COMMON         0x000000008002df80      0x100 common/libcommon.a(main.o)
                0x000000008002df80                console_buffer
 COMMON         0x000000008002e080      0x50c board/ar7240/ap121/libap121.a(ar7240_flash.o)
                0x000000008002e080                flash_info
 COMMON         0x000000008002e58c        0x4 lib_mips/libmips.a(board.o)
                0x000000008002e58c                monitor_flash_len
 COMMON         0x000000008002e590     0x6d40 net/libnet.a(net.o)
                0x000000008002e590                NetArpWaitTry
                0x000000008002e594                NetArpWaitPacketMAC
                0x000000008002e598                NetOurEther
                0x000000008002e5a0                NetOurIP
                0x000000008002e5a4                NetServerIP
                0x000000008002e5a8                NetArpWaitTxPacketSize
                0x000000008002e5ac                NetArpWaitReplyIP
                0x000000008002e5b0                NetRxPackets
                0x000000008002e5f0                NetArpWaitTxPacket
                0x000000008002e5f4                NetArpWaitPacketIP
                0x000000008002e5f8                NetState
                0x000000008002e5fc                BootFile
                0x000000008002e67c                NetIPID
                0x000000008002e680                NetRxPkt
                0x000000008002e684                NetArpWaitPacketBuf
                0x000000008002eca4                NetRxPktLen
                0x000000008002eca8                NetBootFileXferSize
                0x000000008002ecac                PktBuf
                0x00000000800352cc                NetArpWaitTimerStart
 COMMON         0x00000000800352d0        0x8 net/libnet.a(httpd.o)
                0x00000000800352d0                hs
                0x00000000800352d4                upload_data
 COMMON         0x00000000800352d8      0x830 net/libnet.a(uip.o)
                0x00000000800352d8                uip_len
                0x00000000800352dc                uip_sappdata
                0x00000000800352e0                uip_acc32
                0x00000000800352e4                uip_flags
                0x00000000800352e8                uip_appdata
                0x00000000800352ec                uip_conn
                0x00000000800352f0                uip_conns
                0x00000000800354d0                uip_arp_netmask
                0x00000000800354d4                uip_listenports
                0x00000000800354e8                uip_stat
                0x0000000080035514                uip_surglen
                0x0000000080035518                uip_urgdata
                0x000000008003551c                uip_hostaddr
                0x0000000080035520                uip_arp_draddr
                0x0000000080035524                uip_urglen
                0x0000000080035528                uip_buf
                0x0000000080035b06                uip_slen
 COMMON         0x0000000080035b08        0x4 lib_generic/libgeneric.a(string.o)
                0x0000000080035b08                ___strtok
 COMMON         0x0000000080035b0c        0x8 cpu/mips/ar7240/libar7240.a(ag7240.o)
                0x0000000080035b0c                ag7240_macs
                0x0000000080035b14                uboot_end = .
Address of section .text set to 0x80010000
LOAD cpu/mips/start.o
START GROUP
LOAD lib_generic/libgeneric.a
LOAD common/libcommon.a
LOAD board/ar7240/ap121/libap121.a
LOAD cpu/mips/libmips.a
LOAD cpu/mips/ar7240/libar7240.a
LOAD lib_mips/libmips.a
LOAD net/libnet.a
LOAD rtc/librtc.a
LOAD post/libpost.a
LOAD post/cpu/libcpu.a
END GROUP
LOAD /media/work/wr703_uboot/wr703n-uboot-with-web-failsafe-read-only/toolchain/OpenWrt-Toolchain-ar71xx-for-mips_r2-gcc-4.6-linaro_uClibc-0.9.33/toolchain-mips_r2_gcc-4.6-linaro_uClibc-0.9.33/bin/../lib/gcc/mips-openwrt-linux-uclibc/4.6.3/libgcc.a
OUTPUT(u-boot elf32-tradbigmips)

.pdr            0x0000000000000000     0x2340
 .pdr           0x0000000000000000       0x40 cpu/mips/start.o
 .pdr           0x0000000000000040        0x0 common/libcommon.a(cmd_boot.o)
 .pdr           0x0000000000000040       0x60 common/libcommon.a(cmd_bootm.o)
 .pdr           0x00000000000000a0       0x40 common/libcommon.a(cmd_flash.o)
 .pdr           0x00000000000000e0      0x100 common/libcommon.a(cmd_mem.o)
 .pdr           0x00000000000001e0       0x20 common/libcommon.a(cmd_mii.o)
 .pdr           0x0000000000000200       0x40 common/libcommon.a(cmd_net.o)
 .pdr           0x0000000000000240       0xe0 common/libcommon.a(cmd_nvedit.o)
 .pdr           0x0000000000000320       0x60 common/libcommon.a(command.o)
 .pdr           0x0000000000000380      0x2a0 common/libcommon.a(console.o)
 .pdr           0x0000000000000620       0x60 common/libcommon.a(devices.o)
 .pdr           0x0000000000000680       0xa0 common/libcommon.a(env_common.o)
 .pdr           0x0000000000000720       0x60 common/libcommon.a(env_nowhere.o)
 .pdr           0x0000000000000780       0x80 common/libcommon.a(flash.o)
 .pdr           0x0000000000000800      0x1c0 common/libcommon.a(lists.o)
 .pdr           0x00000000000009c0       0x80 common/libcommon.a(main.o)
 .pdr           0x0000000000000a40      0x180 common/libcommon.a(dlmalloc.o)
 .pdr           0x0000000000000bc0      0x140 board/ar7240/ap121/libap121.a(ap121.o)
 .pdr           0x0000000000000d00       0xc0 board/ar7240/ap121/libap121.a(ar7240_flash.o)
 .pdr           0x0000000000000dc0       0x20 board/ar7240/ap121/libap121.a(flash.o)
 .pdr           0x0000000000000de0       0x60 cpu/mips/libmips.a(cpu.o)
 .pdr           0x0000000000000e40       0x40 cpu/mips/libmips.a(interrupts.o)
 .pdr           0x0000000000000e80      0x120 cpu/mips/libmips.a(cache.o)
 .pdr           0x0000000000000fa0       0x60 cpu/mips/ar7240/libar7240.a(meminit.o)
 .pdr           0x0000000000001000       0xe0 cpu/mips/ar7240/libar7240.a(hornet_serial.o)
 .pdr           0x00000000000010e0       0x20 cpu/mips/ar7240/libar7240.a(hornet_ddr_init.o)
 .pdr           0x0000000000001100       0xc0 lib_mips/libmips.a(board.o)
 .pdr           0x00000000000011c0       0xe0 lib_mips/libmips.a(time.o)
 .pdr           0x00000000000012a0       0x40 lib_mips/libmips.a(mips_linux.o)
 .pdr           0x00000000000012e0      0x360 net/libnet.a(net.o)
 .pdr           0x0000000000001640       0x80 net/libnet.a(tftp.o)
 .pdr           0x00000000000016c0      0x1a0 net/libnet.a(eth.o)
 .pdr           0x0000000000001860       0xa0 net/libnet.a(httpd.o)
 .pdr           0x0000000000001900       0x40 net/libnet.a(httpd.o)
 .pdr           0x0000000000001940       0xc0 net/libnet.a(uip_arp.o)
 .pdr           0x0000000000001a00       0xc0 net/libnet.a(uip.o)
 .pdr           0x0000000000001ac0       0x60 net/libnet.a(fs.o)
 .pdr           0x0000000000001b20       0x80 net/libnet.a(uip_arch.o)
 .pdr           0x0000000000001ba0       0x60 rtc/librtc.a(date.o)
 .pdr           0x0000000000001c00       0x20 lib_generic/libgeneric.a(crc32.o)
 .pdr           0x0000000000001c20       0x40 lib_generic/libgeneric.a(display_options.o)
 .pdr           0x0000000000001c60      0x260 lib_generic/libgeneric.a(string.o)
 .pdr           0x0000000000001ec0       0xc0 lib_generic/libgeneric.a(vsprintf.o)
 .pdr           0x0000000000001f80       0x20 lib_generic/libgeneric.a(LzmaWrapper.o)
 .pdr           0x0000000000001fa0       0x40 lib_generic/libgeneric.a(LzmaDecode.o)
 .pdr           0x0000000000001fe0        0x0 lib_generic/libgeneric.a(ctype.o)
 .pdr           0x0000000000001fe0       0x60 common/libcommon.a(exports.o)
 .pdr           0x0000000000002040      0x140 cpu/mips/ar7240/libar7240.a(ag7240.o)
 .pdr           0x0000000000002180      0x1c0 board/ar7240/ap121/libap121.a(ar7240_s26_phy.o)

.mdebug.abi32   0x0000000000000000        0x0
 .mdebug.abi32  0x0000000000000000        0x0 common/libcommon.a(cmd_boot.o)
 .mdebug.abi32  0x0000000000000000        0x0 common/libcommon.a(cmd_bootm.o)
 .mdebug.abi32  0x0000000000000000        0x0 common/libcommon.a(cmd_flash.o)
 .mdebug.abi32  0x0000000000000000        0x0 common/libcommon.a(cmd_mem.o)
 .mdebug.abi32  0x0000000000000000        0x0 common/libcommon.a(cmd_mii.o)
 .mdebug.abi32  0x0000000000000000        0x0 common/libcommon.a(cmd_net.o)
 .mdebug.abi32  0x0000000000000000        0x0 common/libcommon.a(cmd_nvedit.o)
 .mdebug.abi32  0x0000000000000000        0x0 common/libcommon.a(command.o)
 .mdebug.abi32  0x0000000000000000        0x0 common/libcommon.a(console.o)
 .mdebug.abi32  0x0000000000000000        0x0 common/libcommon.a(devices.o)
 .mdebug.abi32  0x0000000000000000        0x0 common/libcommon.a(env_common.o)
 .mdebug.abi32  0x0000000000000000        0x0 common/libcommon.a(env_nowhere.o)
 .mdebug.abi32  0x0000000000000000        0x0 common/libcommon.a(flash.o)
 .mdebug.abi32  0x0000000000000000        0x0 common/libcommon.a(lists.o)
 .mdebug.abi32  0x0000000000000000        0x0 common/libcommon.a(main.o)
 .mdebug.abi32  0x0000000000000000        0x0 common/libcommon.a(dlmalloc.o)
 .mdebug.abi32  0x0000000000000000        0x0 board/ar7240/ap121/libap121.a(ap121.o)
 .mdebug.abi32  0x0000000000000000        0x0 board/ar7240/ap121/libap121.a(ar7240_flash.o)
 .mdebug.abi32  0x0000000000000000        0x0 board/ar7240/ap121/libap121.a(flash.o)
 .mdebug.abi32  0x0000000000000000        0x0 cpu/mips/libmips.a(cpu.o)
 .mdebug.abi32  0x0000000000000000        0x0 cpu/mips/libmips.a(interrupts.o)
 .mdebug.abi32  0x0000000000000000        0x0 cpu/mips/ar7240/libar7240.a(meminit.o)
 .mdebug.abi32  0x0000000000000000        0x0 cpu/mips/ar7240/libar7240.a(hornet_serial.o)
 .mdebug.abi32  0x0000000000000000        0x0 lib_mips/libmips.a(board.o)
 .mdebug.abi32  0x0000000000000000        0x0 lib_mips/libmips.a(time.o)
 .mdebug.abi32  0x0000000000000000        0x0 lib_mips/libmips.a(mips_linux.o)
 .mdebug.abi32  0x0000000000000000        0x0 net/libnet.a(net.o)
 .mdebug.abi32  0x0000000000000000        0x0 net/libnet.a(tftp.o)
 .mdebug.abi32  0x0000000000000000        0x0 net/libnet.a(eth.o)
 .mdebug.abi32  0x0000000000000000        0x0 net/libnet.a(httpd.o)
 .mdebug.abi32  0x0000000000000000        0x0 net/libnet.a(httpd.o)
 .mdebug.abi32  0x0000000000000000        0x0 net/libnet.a(uip_arp.o)
 .mdebug.abi32  0x0000000000000000        0x0 net/libnet.a(uip.o)
 .mdebug.abi32  0x0000000000000000        0x0 net/libnet.a(fs.o)
 .mdebug.abi32  0x0000000000000000        0x0 net/libnet.a(uip_arch.o)
 .mdebug.abi32  0x0000000000000000        0x0 rtc/librtc.a(date.o)
 .mdebug.abi32  0x0000000000000000        0x0 lib_generic/libgeneric.a(crc32.o)
 .mdebug.abi32  0x0000000000000000        0x0 lib_generic/libgeneric.a(display_options.o)
 .mdebug.abi32  0x0000000000000000        0x0 lib_generic/libgeneric.a(string.o)
 .mdebug.abi32  0x0000000000000000        0x0 lib_generic/libgeneric.a(vsprintf.o)
 .mdebug.abi32  0x0000000000000000        0x0 lib_generic/libgeneric.a(LzmaWrapper.o)
 .mdebug.abi32  0x0000000000000000        0x0 lib_generic/libgeneric.a(LzmaDecode.o)
 .mdebug.abi32  0x0000000000000000        0x0 lib_generic/libgeneric.a(ctype.o)
 .mdebug.abi32  0x0000000000000000        0x0 common/libcommon.a(exports.o)
 .mdebug.abi32  0x0000000000000000        0x0 cpu/mips/ar7240/libar7240.a(ag7240.o)
 .mdebug.abi32  0x0000000000000000        0x0 board/ar7240/ap121/libap121.a(ar7240_s26_phy.o)

.comment        0x0000000000000000       0x3a
 .comment       0x0000000000000000       0x3a common/libcommon.a(cmd_boot.o)
                                         0x3b (size before relaxing)
 .comment       0x0000000000000000       0x3b common/libcommon.a(cmd_bootm.o)
 .comment       0x0000000000000000       0x3b common/libcommon.a(cmd_flash.o)
 .comment       0x0000000000000000       0x3b common/libcommon.a(cmd_mem.o)
 .comment       0x0000000000000000       0x3b common/libcommon.a(cmd_mii.o)
 .comment       0x0000000000000000       0x3b common/libcommon.a(cmd_net.o)
 .comment       0x0000000000000000       0x3b common/libcommon.a(cmd_nvedit.o)
 .comment       0x0000000000000000       0x3b common/libcommon.a(command.o)
 .comment       0x0000000000000000       0x3b common/libcommon.a(console.o)
 .comment       0x0000000000000000       0x3b common/libcommon.a(devices.o)
 .comment       0x0000000000000000       0x3b common/libcommon.a(env_common.o)
 .comment       0x0000000000000000       0x3b common/libcommon.a(env_nowhere.o)
 .comment       0x0000000000000000       0x3b common/libcommon.a(flash.o)
 .comment       0x0000000000000000       0x3b common/libcommon.a(lists.o)
 .comment       0x0000000000000000       0x3b common/libcommon.a(main.o)
 .comment       0x0000000000000000       0x3b common/libcommon.a(dlmalloc.o)
 .comment       0x0000000000000000       0x3b board/ar7240/ap121/libap121.a(ap121.o)
 .comment       0x0000000000000000       0x3b board/ar7240/ap121/libap121.a(ar7240_flash.o)
 .comment       0x0000000000000000       0x3b board/ar7240/ap121/libap121.a(flash.o)
 .comment       0x0000000000000000       0x3b cpu/mips/libmips.a(cpu.o)
 .comment       0x0000000000000000       0x3b cpu/mips/libmips.a(interrupts.o)
 .comment       0x0000000000000000       0x3b cpu/mips/ar7240/libar7240.a(meminit.o)
 .comment       0x0000000000000000       0x3b cpu/mips/ar7240/libar7240.a(hornet_serial.o)
 .comment       0x0000000000000000       0x3b lib_mips/libmips.a(board.o)
 .comment       0x0000000000000000       0x3b lib_mips/libmips.a(time.o)
 .comment       0x0000000000000000       0x3b lib_mips/libmips.a(mips_linux.o)
 .comment       0x0000000000000000       0x3b net/libnet.a(net.o)
 .comment       0x0000000000000000       0x3b net/libnet.a(tftp.o)
 .comment       0x0000000000000000       0x3b net/libnet.a(eth.o)
 .comment       0x0000000000000000       0x3b net/libnet.a(httpd.o)
 .comment       0x0000000000000000       0x3b net/libnet.a(httpd.o)
 .comment       0x0000000000000000       0x3b net/libnet.a(uip_arp.o)
 .comment       0x0000000000000000       0x3b net/libnet.a(uip.o)
 .comment       0x0000000000000000       0x3b net/libnet.a(fs.o)
 .comment       0x0000000000000000       0x3b net/libnet.a(uip_arch.o)
 .comment       0x0000000000000000       0x3b rtc/librtc.a(date.o)
 .comment       0x0000000000000000       0x3b lib_generic/libgeneric.a(crc32.o)
 .comment       0x0000000000000000       0x3b lib_generic/libgeneric.a(display_options.o)
 .comment       0x0000000000000000       0x3b lib_generic/libgeneric.a(string.o)
 .comment       0x0000000000000000       0x3b lib_generic/libgeneric.a(vsprintf.o)
 .comment       0x0000000000000000       0x3b lib_generic/libgeneric.a(LzmaWrapper.o)
 .comment       0x0000000000000000       0x3b lib_generic/libgeneric.a(LzmaDecode.o)
 .comment       0x0000000000000000       0x3b lib_generic/libgeneric.a(ctype.o)
 .comment       0x0000000000000000       0x3b common/libcommon.a(exports.o)
 .comment       0x0000000000000000       0x3b cpu/mips/ar7240/libar7240.a(ag7240.o)
 .comment       0x0000000000000000       0x3b board/ar7240/ap121/libap121.a(ar7240_s26_phy.o)

.gnu.attributes
                0x0000000000000000       0x10
 .gnu.attributes
                0x0000000000000000       0x10 common/libcommon.a(cmd_boot.o)
 .gnu.attributes
                0x0000000000000010       0x10 common/libcommon.a(cmd_bootm.o)
 .gnu.attributes
                0x0000000000000020       0x10 common/libcommon.a(cmd_flash.o)
 .gnu.attributes
                0x0000000000000030       0x10 common/libcommon.a(cmd_mem.o)
 .gnu.attributes
                0x0000000000000040       0x10 common/libcommon.a(cmd_mii.o)
 .gnu.attributes
                0x0000000000000050       0x10 common/libcommon.a(cmd_net.o)
 .gnu.attributes
                0x0000000000000060       0x10 common/libcommon.a(cmd_nvedit.o)
 .gnu.attributes
                0x0000000000000070       0x10 common/libcommon.a(command.o)
 .gnu.attributes
                0x0000000000000080       0x10 common/libcommon.a(console.o)
 .gnu.attributes
                0x0000000000000090       0x10 common/libcommon.a(devices.o)
 .gnu.attributes
                0x00000000000000a0       0x10 common/libcommon.a(env_common.o)
 .gnu.attributes
                0x00000000000000b0       0x10 common/libcommon.a(env_nowhere.o)
 .gnu.attributes
                0x00000000000000c0       0x10 common/libcommon.a(flash.o)
 .gnu.attributes
                0x00000000000000d0       0x10 common/libcommon.a(lists.o)
 .gnu.attributes
                0x00000000000000e0       0x10 common/libcommon.a(main.o)
 .gnu.attributes
                0x00000000000000f0       0x10 common/libcommon.a(dlmalloc.o)
 .gnu.attributes
                0x0000000000000100       0x10 board/ar7240/ap121/libap121.a(ap121.o)
 .gnu.attributes
                0x0000000000000110       0x10 board/ar7240/ap121/libap121.a(ar7240_flash.o)
 .gnu.attributes
                0x0000000000000120       0x10 board/ar7240/ap121/libap121.a(flash.o)
 .gnu.attributes
                0x0000000000000130       0x10 cpu/mips/libmips.a(cpu.o)
 .gnu.attributes
                0x0000000000000140       0x10 cpu/mips/libmips.a(interrupts.o)
 .gnu.attributes
                0x0000000000000150       0x10 cpu/mips/ar7240/libar7240.a(meminit.o)
 .gnu.attributes
                0x0000000000000160       0x10 cpu/mips/ar7240/libar7240.a(hornet_serial.o)
 .gnu.attributes
                0x0000000000000170       0x10 lib_mips/libmips.a(board.o)
 .gnu.attributes
                0x0000000000000180       0x10 lib_mips/libmips.a(time.o)
 .gnu.attributes
                0x0000000000000190       0x10 lib_mips/libmips.a(mips_linux.o)
 .gnu.attributes
                0x00000000000001a0       0x10 net/libnet.a(net.o)
 .gnu.attributes
                0x00000000000001b0       0x10 net/libnet.a(tftp.o)
 .gnu.attributes
                0x00000000000001c0       0x10 net/libnet.a(eth.o)
 .gnu.attributes
                0x00000000000001d0       0x10 net/libnet.a(httpd.o)
 .gnu.attributes
                0x00000000000001e0       0x10 net/libnet.a(httpd.o)
 .gnu.attributes
                0x00000000000001f0       0x10 net/libnet.a(uip_arp.o)
 .gnu.attributes
                0x0000000000000200       0x10 net/libnet.a(uip.o)
 .gnu.attributes
                0x0000000000000210       0x10 net/libnet.a(fs.o)
 .gnu.attributes
                0x0000000000000220       0x10 net/libnet.a(uip_arch.o)
 .gnu.attributes
                0x0000000000000230       0x10 rtc/librtc.a(date.o)
 .gnu.attributes
                0x0000000000000240       0x10 lib_generic/libgeneric.a(crc32.o)
 .gnu.attributes
                0x0000000000000250       0x10 lib_generic/libgeneric.a(display_options.o)
 .gnu.attributes
                0x0000000000000260       0x10 lib_generic/libgeneric.a(string.o)
 .gnu.attributes
                0x0000000000000270       0x10 lib_generic/libgeneric.a(vsprintf.o)
 .gnu.attributes
                0x0000000000000280       0x10 lib_generic/libgeneric.a(LzmaWrapper.o)
 .gnu.attributes
                0x0000000000000290       0x10 lib_generic/libgeneric.a(LzmaDecode.o)
 .gnu.attributes
                0x00000000000002a0       0x10 lib_generic/libgeneric.a(ctype.o)
 .gnu.attributes
                0x00000000000002b0       0x10 common/libcommon.a(exports.o)
 .gnu.attributes
                0x00000000000002c0       0x10 cpu/mips/ar7240/libar7240.a(ag7240.o)
 .gnu.attributes
                0x00000000000002d0       0x10 board/ar7240/ap121/libap121.a(ar7240_s26_phy.o)

.stab           0x0000000000000000     0xabb4
 .stab          0x0000000000000000     0x990c cpu/mips/start.o
 .stab          0x000000000000990c      0x6a8 cpu/mips/libmips.a(cache.o)
                                        0x6b4 (size before relaxing)
 .stab          0x0000000000009fb4      0xc00 cpu/mips/ar7240/libar7240.a(hornet_ddr_init.o)
                                        0xc0c (size before relaxing)

.stabstr        0x0000000000000000      0x235
 .stabstr       0x0000000000000000      0x235 cpu/mips/start.o

.debug_info     0x0000000000000000    0x103a7
 .debug_info    0x0000000000000000      0x296 common/libcommon.a(cmd_boot.o)
 .debug_info    0x0000000000000296      0x9dd common/libcommon.a(cmd_bootm.o)
 .debug_info    0x0000000000000c73      0x771 common/libcommon.a(cmd_flash.o)
 .debug_info    0x00000000000013e4      0x990 common/libcommon.a(cmd_mem.o)
 .debug_info    0x0000000000001d74      0x276 common/libcommon.a(cmd_mii.o)
 .debug_info    0x0000000000001fea      0x4bd common/libcommon.a(cmd_net.o)
 .debug_info    0x00000000000024a7      0xb3b common/libcommon.a(cmd_nvedit.o)
 .debug_info    0x0000000000002fe2      0x494 common/libcommon.a(command.o)
 .debug_info    0x0000000000003476      0x962 common/libcommon.a(console.o)
 .debug_info    0x0000000000003dd8      0x4f3 common/libcommon.a(devices.o)
 .debug_info    0x00000000000042cb      0x384 common/libcommon.a(env_common.o)
 .debug_info    0x000000000000464f      0x2c5 common/libcommon.a(env_nowhere.o)
 .debug_info    0x0000000000004914      0x30f common/libcommon.a(flash.o)
 .debug_info    0x0000000000004c23      0x52a common/libcommon.a(lists.o)
 .debug_info    0x000000000000514d      0x875 common/libcommon.a(main.o)
 .debug_info    0x00000000000059c2      0xc15 common/libcommon.a(dlmalloc.o)
 .debug_info    0x00000000000065d7      0x2df board/ar7240/ap121/libap121.a(ap121.o)
 .debug_info    0x00000000000068b6      0x5e4 board/ar7240/ap121/libap121.a(ar7240_flash.o)
 .debug_info    0x0000000000006e9a      0x150 board/ar7240/ap121/libap121.a(flash.o)
 .debug_info    0x0000000000006fea      0x246 cpu/mips/libmips.a(cpu.o)
 .debug_info    0x0000000000007230       0x9f cpu/mips/libmips.a(interrupts.o)
 .debug_info    0x00000000000072cf      0x1f2 cpu/mips/ar7240/libar7240.a(meminit.o)
 .debug_info    0x00000000000074c1      0x365 cpu/mips/ar7240/libar7240.a(hornet_serial.o)
 .debug_info    0x0000000000007826      0x69a lib_mips/libmips.a(board.o)
 .debug_info    0x0000000000007ec0      0x292 lib_mips/libmips.a(time.o)
 .debug_info    0x0000000000008152      0x885 lib_mips/libmips.a(mips_linux.o)
 .debug_info    0x00000000000089d7     0x17cf net/libnet.a(net.o)
 .debug_info    0x000000000000a1a6      0x5be net/libnet.a(tftp.o)
 .debug_info    0x000000000000a764      0x7bd net/libnet.a(eth.o)
 .debug_info    0x000000000000af21      0x3ca net/libnet.a(httpd.o)
 .debug_info    0x000000000000b2eb      0x54e net/libnet.a(httpd.o)
 .debug_info    0x000000000000b839      0x47c net/libnet.a(uip_arp.o)
 .debug_info    0x000000000000bcb5      0x9b9 net/libnet.a(uip.o)
 .debug_info    0x000000000000c66e      0x46d net/libnet.a(fs.o)
 .debug_info    0x000000000000cadb      0x34a net/libnet.a(uip_arch.o)
 .debug_info    0x000000000000ce25      0x25c rtc/librtc.a(date.o)
 .debug_info    0x000000000000d081      0x130 lib_generic/libgeneric.a(crc32.o)
 .debug_info    0x000000000000d1b1      0x136 lib_generic/libgeneric.a(display_options.o)
 .debug_info    0x000000000000d2e7      0x7f9 lib_generic/libgeneric.a(string.o)
 .debug_info    0x000000000000dae0      0x4a3 lib_generic/libgeneric.a(vsprintf.o)
 .debug_info    0x000000000000df83      0x3b4 lib_generic/libgeneric.a(LzmaWrapper.o)
 .debug_info    0x000000000000e337      0x6fe lib_generic/libgeneric.a(LzmaDecode.o)
 .debug_info    0x000000000000ea35       0x56 lib_generic/libgeneric.a(ctype.o)
 .debug_info    0x000000000000ea8b      0x296 common/libcommon.a(exports.o)
 .debug_info    0x000000000000ed21      0xf51 cpu/mips/ar7240/libar7240.a(ag7240.o)
 .debug_info    0x000000000000fc72      0x735 board/ar7240/ap121/libap121.a(ar7240_s26_phy.o)

.debug_abbrev   0x0000000000000000     0x4f83
 .debug_abbrev  0x0000000000000000       0xc1 common/libcommon.a(cmd_boot.o)
 .debug_abbrev  0x00000000000000c1      0x228 common/libcommon.a(cmd_bootm.o)
 .debug_abbrev  0x00000000000002e9      0x1d0 common/libcommon.a(cmd_flash.o)
 .debug_abbrev  0x00000000000004b9      0x279 common/libcommon.a(cmd_mem.o)
 .debug_abbrev  0x0000000000000732      0x114 common/libcommon.a(cmd_mii.o)
 .debug_abbrev  0x0000000000000846      0x202 common/libcommon.a(cmd_net.o)
 .debug_abbrev  0x0000000000000a48      0x287 common/libcommon.a(cmd_nvedit.o)
 .debug_abbrev  0x0000000000000ccf      0x1ec common/libcommon.a(command.o)
 .debug_abbrev  0x0000000000000ebb      0x312 common/libcommon.a(console.o)
 .debug_abbrev  0x00000000000011cd      0x1b9 common/libcommon.a(devices.o)
 .debug_abbrev  0x0000000000001386      0x1a5 common/libcommon.a(env_common.o)
 .debug_abbrev  0x000000000000152b      0x131 common/libcommon.a(env_nowhere.o)
 .debug_abbrev  0x000000000000165c      0x162 common/libcommon.a(flash.o)
 .debug_abbrev  0x00000000000017be      0x1f4 common/libcommon.a(lists.o)
 .debug_abbrev  0x00000000000019b2      0x2b5 common/libcommon.a(main.o)
 .debug_abbrev  0x0000000000001c67      0x22e common/libcommon.a(dlmalloc.o)
 .debug_abbrev  0x0000000000001e95      0x19e board/ar7240/ap121/libap121.a(ap121.o)
 .debug_abbrev  0x0000000000002033      0x1ac board/ar7240/ap121/libap121.a(ar7240_flash.o)
 .debug_abbrev  0x00000000000021df       0xa5 board/ar7240/ap121/libap121.a(flash.o)
 .debug_abbrev  0x0000000000002284      0x130 cpu/mips/libmips.a(cpu.o)
 .debug_abbrev  0x00000000000023b4       0x56 cpu/mips/libmips.a(interrupts.o)
 .debug_abbrev  0x000000000000240a      0x140 cpu/mips/ar7240/libar7240.a(meminit.o)
 .debug_abbrev  0x000000000000254a      0x1b6 cpu/mips/ar7240/libar7240.a(hornet_serial.o)
 .debug_abbrev  0x0000000000002700      0x2b8 lib_mips/libmips.a(board.o)
 .debug_abbrev  0x00000000000029b8      0x17f lib_mips/libmips.a(time.o)
 .debug_abbrev  0x0000000000002b37      0x221 lib_mips/libmips.a(mips_linux.o)
 .debug_abbrev  0x0000000000002d58      0x3c0 net/libnet.a(net.o)
 .debug_abbrev  0x0000000000003118      0x1ce net/libnet.a(tftp.o)
 .debug_abbrev  0x00000000000032e6      0x2dc net/libnet.a(eth.o)
 .debug_abbrev  0x00000000000035c2      0x176 net/libnet.a(httpd.o)
 .debug_abbrev  0x0000000000003738      0x1d2 net/libnet.a(httpd.o)
 .debug_abbrev  0x000000000000390a      0x194 net/libnet.a(uip_arp.o)
 .debug_abbrev  0x0000000000003a9e      0x1ed net/libnet.a(uip.o)
 .debug_abbrev  0x0000000000003c8b      0x194 net/libnet.a(fs.o)
 .debug_abbrev  0x0000000000003e1f      0x15d net/libnet.a(uip_arch.o)
 .debug_abbrev  0x0000000000003f7c      0x104 rtc/librtc.a(date.o)
 .debug_abbrev  0x0000000000004080       0x90 lib_generic/libgeneric.a(crc32.o)
 .debug_abbrev  0x0000000000004110       0xc3 lib_generic/libgeneric.a(display_options.o)
 .debug_abbrev  0x00000000000041d3      0x234 lib_generic/libgeneric.a(string.o)
 .debug_abbrev  0x0000000000004407      0x206 lib_generic/libgeneric.a(vsprintf.o)
 .debug_abbrev  0x000000000000460d      0x19b lib_generic/libgeneric.a(LzmaWrapper.o)
 .debug_abbrev  0x00000000000047a8      0x130 lib_generic/libgeneric.a(LzmaDecode.o)
 .debug_abbrev  0x00000000000048d8       0x42 lib_generic/libgeneric.a(ctype.o)
 .debug_abbrev  0x000000000000491a      0x104 common/libcommon.a(exports.o)
 .debug_abbrev  0x0000000000004a1e      0x405 cpu/mips/ar7240/libar7240.a(ag7240.o)
 .debug_abbrev  0x0000000000004e23      0x160 board/ar7240/ap121/libap121.a(ar7240_s26_phy.o)

.debug_line     0x0000000000000000     0x6f6c
 .debug_line    0x0000000000000000       0xf9 common/libcommon.a(cmd_boot.o)
 .debug_line    0x00000000000000f9      0x289 common/libcommon.a(cmd_bootm.o)
 .debug_line    0x0000000000000382      0x2a4 common/libcommon.a(cmd_flash.o)
 .debug_line    0x0000000000000626      0x2fc common/libcommon.a(cmd_mem.o)
 .debug_line    0x0000000000000922      0x136 common/libcommon.a(cmd_mii.o)
 .debug_line    0x0000000000000a58      0x20c common/libcommon.a(cmd_net.o)
 .debug_line    0x0000000000000c64      0x4ae common/libcommon.a(cmd_nvedit.o)
 .debug_line    0x0000000000001112      0x234 common/libcommon.a(command.o)
 .debug_line    0x0000000000001346      0x3d2 common/libcommon.a(console.o)
 .debug_line    0x0000000000001718      0x1b6 common/libcommon.a(devices.o)
 .debug_line    0x00000000000018ce      0x1b5 common/libcommon.a(env_common.o)
 .debug_line    0x0000000000001a83      0x184 common/libcommon.a(env_nowhere.o)
 .debug_line    0x0000000000001c07      0x1e0 common/libcommon.a(flash.o)
 .debug_line    0x0000000000001de7      0x17a common/libcommon.a(lists.o)
 .debug_line    0x0000000000001f61      0x450 common/libcommon.a(main.o)
 .debug_line    0x00000000000023b1      0x6c5 common/libcommon.a(dlmalloc.o)
 .debug_line    0x0000000000002a76      0x165 board/ar7240/ap121/libap121.a(ap121.o)
 .debug_line    0x0000000000002bdb      0x22d board/ar7240/ap121/libap121.a(ar7240_flash.o)
 .debug_line    0x0000000000002e08      0x11c board/ar7240/ap121/libap121.a(flash.o)
 .debug_line    0x0000000000002f24      0x16b cpu/mips/libmips.a(cpu.o)
 .debug_line    0x000000000000308f       0x3f cpu/mips/libmips.a(interrupts.o)
 .debug_line    0x00000000000030ce      0x15c cpu/mips/ar7240/libar7240.a(meminit.o)
 .debug_line    0x000000000000322a      0x12d cpu/mips/ar7240/libar7240.a(hornet_serial.o)
 .debug_line    0x0000000000003357      0x26e lib_mips/libmips.a(board.o)
 .debug_line    0x00000000000035c5      0x130 lib_mips/libmips.a(time.o)
 .debug_line    0x00000000000036f5      0x2c7 lib_mips/libmips.a(mips_linux.o)
 .debug_line    0x00000000000039bc      0x682 net/libnet.a(net.o)
 .debug_line    0x000000000000403e      0x2cc net/libnet.a(tftp.o)
 .debug_line    0x000000000000430a      0x2a2 net/libnet.a(eth.o)
 .debug_line    0x00000000000045ac      0x217 net/libnet.a(httpd.o)
 .debug_line    0x00000000000047c3      0x21c net/libnet.a(httpd.o)
 .debug_line    0x00000000000049df      0x1e8 net/libnet.a(uip_arp.o)
 .debug_line    0x0000000000004bc7      0x4e8 net/libnet.a(uip.o)
 .debug_line    0x00000000000050af      0x126 net/libnet.a(fs.o)
 .debug_line    0x00000000000051d5      0x170 net/libnet.a(uip_arch.o)
 .debug_line    0x0000000000005345       0xfc rtc/librtc.a(date.o)
 .debug_line    0x0000000000005441      0x10e lib_generic/libgeneric.a(crc32.o)
 .debug_line    0x000000000000554f       0xbb lib_generic/libgeneric.a(display_options.o)
 .debug_line    0x000000000000560a      0x295 lib_generic/libgeneric.a(string.o)
 .debug_line    0x000000000000589f      0x3e8 lib_generic/libgeneric.a(vsprintf.o)
 .debug_line    0x0000000000005c87      0x1ac lib_generic/libgeneric.a(LzmaWrapper.o)
 .debug_line    0x0000000000005e33      0x416 lib_generic/libgeneric.a(LzmaDecode.o)
 .debug_line    0x0000000000006249       0x28 lib_generic/libgeneric.a(ctype.o)
 .debug_line    0x0000000000006271      0x120 common/libcommon.a(exports.o)
 .debug_line    0x0000000000006391      0x706 cpu/mips/ar7240/libar7240.a(ag7240.o)
 .debug_line    0x0000000000006a97      0x4d5 board/ar7240/ap121/libap121.a(ar7240_s26_phy.o)

.debug_str      0x0000000000000000     0x34d0
 .debug_str     0x0000000000000000      0x1df common/libcommon.a(cmd_boot.o)
                                        0x231 (size before relaxing)
 .debug_str     0x00000000000001df      0x34b common/libcommon.a(cmd_bootm.o)
                                        0x5cf (size before relaxing)
 .debug_str     0x000000000000052a      0x140 common/libcommon.a(cmd_flash.o)
                                        0x2c4 (size before relaxing)
 .debug_str     0x000000000000066a      0x177 common/libcommon.a(cmd_mem.o)
                                        0x2ff (size before relaxing)
 .debug_str     0x00000000000007e1       0x37 common/libcommon.a(cmd_mii.o)
                                        0x1d1 (size before relaxing)
 .debug_str     0x0000000000000818      0x129 common/libcommon.a(cmd_net.o)
                                        0x2a1 (size before relaxing)
 .debug_str     0x0000000000000941       0xb4 common/libcommon.a(cmd_nvedit.o)
                                        0x353 (size before relaxing)
 .debug_str     0x00000000000009f5       0xc8 common/libcommon.a(command.o)
                                        0x252 (size before relaxing)
 .debug_str     0x0000000000000abd      0x248 common/libcommon.a(console.o)
                                        0x497 (size before relaxing)
 .debug_str     0x0000000000000d05       0x5d common/libcommon.a(devices.o)
                                        0x30f (size before relaxing)
 .debug_str     0x0000000000000d62       0x8c common/libcommon.a(env_common.o)
                                        0x28c (size before relaxing)
 .debug_str     0x0000000000000dee       0x3b common/libcommon.a(env_nowhere.o)
                                        0x25e (size before relaxing)
 .debug_str     0x0000000000000e29       0x52 common/libcommon.a(flash.o)
                                        0x1c3 (size before relaxing)
 .debug_str     0x0000000000000e7b      0x1dc common/libcommon.a(lists.o)
                                        0x34e (size before relaxing)
 .debug_str     0x0000000000001057      0x164 common/libcommon.a(main.o)
                                        0x2fe (size before relaxing)
 .debug_str     0x00000000000011bb      0x2b2 common/libcommon.a(dlmalloc.o)
                                        0x4f5 (size before relaxing)
 .debug_str     0x000000000000146d      0x166 board/ar7240/ap121/libap121.a(ap121.o)
                                        0x25a (size before relaxing)
 .debug_str     0x00000000000015d3       0xd9 board/ar7240/ap121/libap121.a(ar7240_flash.o)
                                        0x273 (size before relaxing)
 .debug_str     0x00000000000016ac        0xf board/ar7240/ap121/libap121.a(flash.o)
                                        0x171 (size before relaxing)
 .debug_str     0x00000000000016bb       0x97 cpu/mips/libmips.a(cpu.o)
                                        0x1b3 (size before relaxing)
 .debug_str     0x0000000000001752       0x32 cpu/mips/libmips.a(interrupts.o)
                                        0x12e (size before relaxing)
 .debug_str     0x0000000000001784      0x112 cpu/mips/ar7240/libar7240.a(meminit.o)
                                        0x1e1 (size before relaxing)
 .debug_str     0x0000000000001896      0x12e cpu/mips/ar7240/libar7240.a(hornet_serial.o)
                                        0x230 (size before relaxing)
 .debug_str     0x00000000000019c4      0x17f lib_mips/libmips.a(board.o)
                                        0x3f3 (size before relaxing)
 .debug_str     0x0000000000001b43       0x66 lib_mips/libmips.a(time.o)
                                        0x194 (size before relaxing)
 .debug_str     0x0000000000001ba9       0xeb lib_mips/libmips.a(mips_linux.o)
                                        0x427 (size before relaxing)
 .debug_str     0x0000000000001c94      0x5ff net/libnet.a(net.o)
                                        0x92e (size before relaxing)
 .debug_str     0x0000000000002293       0xde net/libnet.a(tftp.o)
                                        0x2c4 (size before relaxing)
 .debug_str     0x0000000000002371      0x183 net/libnet.a(eth.o)
                                        0x387 (size before relaxing)
 .debug_str     0x00000000000024f4       0xe3 net/libnet.a(httpd.o)
                                        0x246 (size before relaxing)
 .debug_str     0x00000000000025d7       0xf0 net/libnet.a(httpd.o)
                                        0x2ea (size before relaxing)
 .debug_str     0x00000000000026c7      0x125 net/libnet.a(uip_arp.o)
                                        0x2b7 (size before relaxing)
 .debug_str     0x00000000000027ec      0x22a net/libnet.a(uip.o)
                                        0x482 (size before relaxing)
 .debug_str     0x0000000000002a16       0xc0 net/libnet.a(fs.o)
                                        0x22a (size before relaxing)
 .debug_str     0x0000000000002ad6       0x58 net/libnet.a(uip_arch.o)
                                        0x209 (size before relaxing)
 .debug_str     0x0000000000002b2e       0x99 rtc/librtc.a(date.o)
                                        0x19d (size before relaxing)
 .debug_str     0x0000000000002bc7       0x84 lib_generic/libgeneric.a(crc32.o)
                                        0x13a (size before relaxing)
 .debug_str     0x0000000000002c4b       0x2d lib_generic/libgeneric.a(display_options.o)
                                        0x146 (size before relaxing)
 .debug_str     0x0000000000002c78       0xb1 lib_generic/libgeneric.a(string.o)
                                        0x201 (size before relaxing)
 .debug_str     0x0000000000002d29       0x80 lib_generic/libgeneric.a(vsprintf.o)
                                        0x1ee (size before relaxing)
 .debug_str     0x0000000000002da9      0x110 lib_generic/libgeneric.a(LzmaWrapper.o)
                                        0x277 (size before relaxing)
 .debug_str     0x0000000000002eb9      0x139 lib_generic/libgeneric.a(LzmaDecode.o)
                                        0x281 (size before relaxing)
 .debug_str     0x0000000000002ff2        0x8 lib_generic/libgeneric.a(ctype.o)
                                         0xa0 (size before relaxing)
 .debug_str     0x0000000000002ffa       0x1f common/libcommon.a(exports.o)
                                        0x2a4 (size before relaxing)
 .debug_str     0x0000000000003019      0x27e cpu/mips/ar7240/libar7240.a(ag7240.o)
                                        0x572 (size before relaxing)
 .debug_str     0x0000000000003297      0x239 board/ar7240/ap121/libap121.a(ar7240_s26_phy.o)
                                        0x3d8 (size before relaxing)

.debug_loc      0x0000000000000000    0x10067
 .debug_loc     0x0000000000000000      0x675 common/libcommon.a(cmd_bootm.o)
 .debug_loc     0x0000000000000675      0xb56 common/libcommon.a(cmd_flash.o)
 .debug_loc     0x00000000000011cb      0xd46 common/libcommon.a(cmd_mem.o)
 .debug_loc     0x0000000000001f11       0xa5 common/libcommon.a(cmd_mii.o)
 .debug_loc     0x0000000000001fb6      0x2f8 common/libcommon.a(cmd_net.o)
 .debug_loc     0x00000000000022ae      0xf4d common/libcommon.a(cmd_nvedit.o)
 .debug_loc     0x00000000000031fb      0x48e common/libcommon.a(command.o)
 .debug_loc     0x0000000000003689      0x4de common/libcommon.a(console.o)
 .debug_loc     0x0000000000003b67      0x10c common/libcommon.a(devices.o)
 .debug_loc     0x0000000000003c73       0x98 common/libcommon.a(env_common.o)
 .debug_loc     0x0000000000003d0b      0x3f5 common/libcommon.a(flash.o)
 .debug_loc     0x0000000000004100      0x5c6 common/libcommon.a(lists.o)
 .debug_loc     0x00000000000046c6      0xde8 common/libcommon.a(main.o)
 .debug_loc     0x00000000000054ae     0x20ac common/libcommon.a(dlmalloc.o)
 .debug_loc     0x000000000000755a      0x10e board/ar7240/ap121/libap121.a(ap121.o)
 .debug_loc     0x0000000000007668      0x321 board/ar7240/ap121/libap121.a(ar7240_flash.o)
 .debug_loc     0x0000000000007989       0x52 board/ar7240/ap121/libap121.a(flash.o)
 .debug_loc     0x00000000000079db       0x8d cpu/mips/libmips.a(cpu.o)
 .debug_loc     0x0000000000007a68       0x98 cpu/mips/ar7240/libar7240.a(meminit.o)
 .debug_loc     0x0000000000007b00      0x31c cpu/mips/ar7240/libar7240.a(hornet_serial.o)
 .debug_loc     0x0000000000007e1c      0x38c lib_mips/libmips.a(board.o)
 .debug_loc     0x00000000000081a8       0x64 lib_mips/libmips.a(time.o)
 .debug_loc     0x000000000000820c      0x62d lib_mips/libmips.a(mips_linux.o)
 .debug_loc     0x0000000000008839     0x1278 net/libnet.a(net.o)
 .debug_loc     0x0000000000009ab1      0x69b net/libnet.a(tftp.o)
 .debug_loc     0x000000000000a14c      0x5d4 net/libnet.a(eth.o)
 .debug_loc     0x000000000000a720      0x1dd net/libnet.a(httpd.o)
 .debug_loc     0x000000000000a8fd      0x240 net/libnet.a(httpd.o)
 .debug_loc     0x000000000000ab3d      0x1b4 net/libnet.a(uip_arp.o)
 .debug_loc     0x000000000000acf1      0x200 net/libnet.a(uip.o)
 .debug_loc     0x000000000000aef1      0x178 net/libnet.a(fs.o)
 .debug_loc     0x000000000000b069      0x215 net/libnet.a(uip_arch.o)
 .debug_loc     0x000000000000b27e      0x190 rtc/librtc.a(date.o)
 .debug_loc     0x000000000000b40e      0x13c lib_generic/libgeneric.a(crc32.o)
 .debug_loc     0x000000000000b54a       0xe7 lib_generic/libgeneric.a(display_options.o)
 .debug_loc     0x000000000000b631      0x977 lib_generic/libgeneric.a(string.o)
 .debug_loc     0x000000000000bfa8      0xcfe lib_generic/libgeneric.a(vsprintf.o)
 .debug_loc     0x000000000000cca6      0x407 lib_generic/libgeneric.a(LzmaWrapper.o)
 .debug_loc     0x000000000000d0ad     0x15da lib_generic/libgeneric.a(LzmaDecode.o)
 .debug_loc     0x000000000000e687       0x34 common/libcommon.a(exports.o)
 .debug_loc     0x000000000000e6bb      0xc3c cpu/mips/ar7240/libar7240.a(ag7240.o)
 .debug_loc     0x000000000000f2f7      0xd70 board/ar7240/ap121/libap121.a(ar7240_s26_phy.o)

.debug_aranges  0x0000000000000000      0x588
 .debug_aranges
                0x0000000000000000       0x20 common/libcommon.a(cmd_bootm.o)
 .debug_aranges
                0x0000000000000020       0x20 common/libcommon.a(cmd_flash.o)
 .debug_aranges
                0x0000000000000040       0x20 common/libcommon.a(cmd_mem.o)
 .debug_aranges
                0x0000000000000060       0x20 common/libcommon.a(cmd_mii.o)
 .debug_aranges
                0x0000000000000080       0x20 common/libcommon.a(cmd_net.o)
 .debug_aranges
                0x00000000000000a0       0x20 common/libcommon.a(cmd_nvedit.o)
 .debug_aranges
                0x00000000000000c0       0x20 common/libcommon.a(command.o)
 .debug_aranges
                0x00000000000000e0       0x20 common/libcommon.a(console.o)
 .debug_aranges
                0x0000000000000100       0x20 common/libcommon.a(devices.o)
 .debug_aranges
                0x0000000000000120       0x20 common/libcommon.a(env_common.o)
 .debug_aranges
                0x0000000000000140       0x20 common/libcommon.a(env_nowhere.o)
 .debug_aranges
                0x0000000000000160       0x20 common/libcommon.a(flash.o)
 .debug_aranges
                0x0000000000000180       0x20 common/libcommon.a(lists.o)
 .debug_aranges
                0x00000000000001a0       0x20 common/libcommon.a(main.o)
 .debug_aranges
                0x00000000000001c0       0x20 common/libcommon.a(dlmalloc.o)
 .debug_aranges
                0x00000000000001e0       0x20 board/ar7240/ap121/libap121.a(ap121.o)
 .debug_aranges
                0x0000000000000200       0x20 board/ar7240/ap121/libap121.a(ar7240_flash.o)
 .debug_aranges
                0x0000000000000220       0x20 board/ar7240/ap121/libap121.a(flash.o)
 .debug_aranges
                0x0000000000000240       0x20 cpu/mips/libmips.a(cpu.o)
 .debug_aranges
                0x0000000000000260       0x20 cpu/mips/libmips.a(interrupts.o)
 .debug_aranges
                0x0000000000000280       0x20 cpu/mips/ar7240/libar7240.a(meminit.o)
 .debug_aranges
                0x00000000000002a0       0x20 cpu/mips/ar7240/libar7240.a(hornet_serial.o)
 .debug_aranges
                0x00000000000002c0       0x20 lib_mips/libmips.a(board.o)
 .debug_aranges
                0x00000000000002e0       0x20 lib_mips/libmips.a(time.o)
 .debug_aranges
                0x0000000000000300       0x20 lib_mips/libmips.a(mips_linux.o)
 .debug_aranges
                0x0000000000000320       0x20 net/libnet.a(net.o)
 .debug_aranges
                0x0000000000000340       0x20 net/libnet.a(tftp.o)
 .debug_aranges
                0x0000000000000360       0x20 net/libnet.a(eth.o)
 .debug_aranges
                0x0000000000000380       0x20 net/libnet.a(httpd.o)
 .debug_aranges
                0x00000000000003a0       0x20 net/libnet.a(httpd.o)
 .debug_aranges
                0x00000000000003c0       0x20 net/libnet.a(uip_arp.o)
 .debug_aranges
                0x00000000000003e0       0x28 net/libnet.a(uip.o)
 .debug_aranges
                0x0000000000000408       0x20 net/libnet.a(fs.o)
 .debug_aranges
                0x0000000000000428       0x20 net/libnet.a(uip_arch.o)
 .debug_aranges
                0x0000000000000448       0x20 rtc/librtc.a(date.o)
 .debug_aranges
                0x0000000000000468       0x20 lib_generic/libgeneric.a(crc32.o)
 .debug_aranges
                0x0000000000000488       0x20 lib_generic/libgeneric.a(display_options.o)
 .debug_aranges
                0x00000000000004a8       0x20 lib_generic/libgeneric.a(string.o)
 .debug_aranges
                0x00000000000004c8       0x20 lib_generic/libgeneric.a(vsprintf.o)
 .debug_aranges
                0x00000000000004e8       0x20 lib_generic/libgeneric.a(LzmaWrapper.o)
 .debug_aranges
                0x0000000000000508       0x20 lib_generic/libgeneric.a(LzmaDecode.o)
 .debug_aranges
                0x0000000000000528       0x20 common/libcommon.a(exports.o)
 .debug_aranges
                0x0000000000000548       0x20 cpu/mips/ar7240/libar7240.a(ag7240.o)
 .debug_aranges
                0x0000000000000568       0x20 board/ar7240/ap121/libap121.a(ar7240_s26_phy.o)

.debug_ranges   0x0000000000000000      0xe48
 .debug_ranges  0x0000000000000000       0x58 common/libcommon.a(cmd_bootm.o)
 .debug_ranges  0x0000000000000058      0x128 common/libcommon.a(cmd_flash.o)
 .debug_ranges  0x0000000000000180      0x130 common/libcommon.a(cmd_mem.o)
 .debug_ranges  0x00000000000002b0       0x90 common/libcommon.a(cmd_net.o)
 .debug_ranges  0x0000000000000340       0x78 common/libcommon.a(cmd_nvedit.o)
 .debug_ranges  0x00000000000003b8       0x30 common/libcommon.a(command.o)
 .debug_ranges  0x00000000000003e8       0x20 common/libcommon.a(console.o)
 .debug_ranges  0x0000000000000408       0x70 common/libcommon.a(flash.o)
 .debug_ranges  0x0000000000000478       0x28 common/libcommon.a(lists.o)
 .debug_ranges  0x00000000000004a0      0x158 common/libcommon.a(main.o)
 .debug_ranges  0x00000000000005f8      0x1a8 common/libcommon.a(dlmalloc.o)
 .debug_ranges  0x00000000000007a0       0xa8 board/ar7240/ap121/libap121.a(ar7240_flash.o)
 .debug_ranges  0x0000000000000848       0x30 lib_mips/libmips.a(mips_linux.o)
 .debug_ranges  0x0000000000000878       0x58 net/libnet.a(net.o)
 .debug_ranges  0x00000000000008d0       0x58 net/libnet.a(tftp.o)
 .debug_ranges  0x0000000000000928       0x48 net/libnet.a(eth.o)
 .debug_ranges  0x0000000000000970       0x18 net/libnet.a(httpd.o)
 .debug_ranges  0x0000000000000988       0x58 net/libnet.a(httpd.o)
 .debug_ranges  0x00000000000009e0       0x18 net/libnet.a(uip.o)
 .debug_ranges  0x00000000000009f8       0x60 net/libnet.a(fs.o)
 .debug_ranges  0x0000000000000a58       0x50 lib_generic/libgeneric.a(LzmaWrapper.o)
 .debug_ranges  0x0000000000000aa8      0x240 lib_generic/libgeneric.a(LzmaDecode.o)
 .debug_ranges  0x0000000000000ce8      0x160 cpu/mips/ar7240/libar7240.a(ag7240.o)

.debug_frame    0x0000000000000000     0x1be4
 .debug_frame   0x0000000000000000       0x70 common/libcommon.a(cmd_bootm.o)
 .debug_frame   0x0000000000000070       0x48 common/libcommon.a(cmd_flash.o)
 .debug_frame   0x00000000000000b8      0x110 common/libcommon.a(cmd_mem.o)
 .debug_frame   0x00000000000001c8       0x30 common/libcommon.a(cmd_mii.o)
 .debug_frame   0x00000000000001f8       0x40 common/libcommon.a(cmd_net.o)
 .debug_frame   0x0000000000000238      0x100 common/libcommon.a(cmd_nvedit.o)
 .debug_frame   0x0000000000000338       0x70 common/libcommon.a(command.o)
 .debug_frame   0x00000000000003a8      0x1b8 common/libcommon.a(console.o)
 .debug_frame   0x0000000000000560       0x58 common/libcommon.a(devices.o)
 .debug_frame   0x00000000000005b8       0x70 common/libcommon.a(env_common.o)
 .debug_frame   0x0000000000000628       0x40 common/libcommon.a(env_nowhere.o)
 .debug_frame   0x0000000000000668       0x64 common/libcommon.a(flash.o)
 .debug_frame   0x00000000000006cc      0x128 common/libcommon.a(lists.o)
 .debug_frame   0x00000000000007f4       0xb4 common/libcommon.a(main.o)
 .debug_frame   0x00000000000008a8      0x12c common/libcommon.a(dlmalloc.o)
 .debug_frame   0x00000000000009d4       0xb8 board/ar7240/ap121/libap121.a(ap121.o)
 .debug_frame   0x0000000000000a8c       0xa8 board/ar7240/ap121/libap121.a(ar7240_flash.o)
 .debug_frame   0x0000000000000b34       0x28 board/ar7240/ap121/libap121.a(flash.o)
 .debug_frame   0x0000000000000b5c       0x40 cpu/mips/libmips.a(cpu.o)
 .debug_frame   0x0000000000000b9c       0x30 cpu/mips/libmips.a(interrupts.o)
 .debug_frame   0x0000000000000bcc       0x4c cpu/mips/ar7240/libar7240.a(meminit.o)
 .debug_frame   0x0000000000000c18       0x90 cpu/mips/ar7240/libar7240.a(hornet_serial.o)
 .debug_frame   0x0000000000000ca8       0xa8 lib_mips/libmips.a(board.o)
 .debug_frame   0x0000000000000d50       0x88 lib_mips/libmips.a(time.o)
 .debug_frame   0x0000000000000dd8       0x58 lib_mips/libmips.a(mips_linux.o)
 .debug_frame   0x0000000000000e30      0x2a0 net/libnet.a(net.o)
 .debug_frame   0x00000000000010d0       0x80 net/libnet.a(tftp.o)
 .debug_frame   0x0000000000001150      0x148 net/libnet.a(eth.o)
 .debug_frame   0x0000000000001298       0x94 net/libnet.a(httpd.o)
 .debug_frame   0x000000000000132c       0x50 net/libnet.a(httpd.o)
 .debug_frame   0x000000000000137c       0xb0 net/libnet.a(uip_arp.o)
 .debug_frame   0x000000000000142c       0x90 net/libnet.a(uip.o)
 .debug_frame   0x00000000000014bc       0x40 net/libnet.a(fs.o)
 .debug_frame   0x00000000000014fc       0x5c net/libnet.a(uip_arch.o)
 .debug_frame   0x0000000000001558       0x44 rtc/librtc.a(date.o)
 .debug_frame   0x000000000000159c       0x20 lib_generic/libgeneric.a(crc32.o)
 .debug_frame   0x00000000000015bc       0x44 lib_generic/libgeneric.a(display_options.o)
 .debug_frame   0x0000000000001600      0x178 lib_generic/libgeneric.a(string.o)
 .debug_frame   0x0000000000001778       0xa4 lib_generic/libgeneric.a(vsprintf.o)
 .debug_frame   0x000000000000181c       0x38 lib_generic/libgeneric.a(LzmaWrapper.o)
 .debug_frame   0x0000000000001854       0x50 lib_generic/libgeneric.a(LzmaDecode.o)
 .debug_frame   0x00000000000018a4       0x48 common/libcommon.a(exports.o)
 .debug_frame   0x00000000000018ec      0x13c cpu/mips/ar7240/libar7240.a(ag7240.o)
 .debug_frame   0x0000000000001a28      0x1bc board/ar7240/ap121/libap121.a(ar7240_s26_phy.o)
